<html>
<body>
<pre>
<h1>µVision Build Log</h1>
<h2>Tool Versions:</h2>
IDE-Version: ¦ÌVision V5.23.0.0
Copyright (C) 2017 ARM Ltd and ARM Germany GmbH. All rights reserved.
License Information: 11 11, 11, LIC=W9663-ARLZC-AV31J-UQA5N-CLL24-Q9CSQ
 
Tool Versions:
Toolchain:       MDK-ARM Professional  Version: 5.23
Toolchain Path:  C:\Keil_v5\ARM\ARMCC\Bin
C Compiler:      Armcc.exe V5.06 update 4 (build 422)
Assembler:       Armasm.exe V5.06 update 4 (build 422)
Linker/Locator:  ArmLink.exe V5.06 update 4 (build 422)
Library Manager: ArmAr.exe V5.06 update 4 (build 422)
Hex Converter:   FromElf.exe V5.06 update 4 (build 422)
CPU DLL:         SARMCM3.DLL V5.23
Dialog DLL:      DARMSTM.DLL V1.68.0.0
Target DLL:      STLink\ST-LINKIII-KEIL_SWO.dll V2.0.18.0
Dialog DLL:      TARMSTM.DLL V1.66.0.0
 
<h2>Project:</h2>
C:\Users\Answer\Desktop\KeilÐÞ¸Ä¼æÈÝ\bootload_stm32\Project\MDK-ARM\BootLoad_STM32.uvprojx
Project File Date:  01/31/2019

<h2>Output:</h2>
*** Using Compiler 'V5.06 update 4 (build 422)', folder: 'C:\Keil_v5\ARM\ARMCC\Bin'
Rebuild target 'BootLoad_STM32'
assembling startup_stm32f10x_md.s...
compiling core_cm3.c...
compiling system_stm32f10x.c...
compiling stm32f10x_gpio.c...
compiling misc.c...
compiling stm32f10x_exti.c...
compiling stm32f10x_flash.c...
compiling stm32f10x_rcc.c...
compiling Main.c...
..\..\User\user_flash.h(40): warning:  #1-D: last line of file ends without a newline
  #endif
..\..\User\include.h(28): warning:  #1-D: last line of file ends without a newline
  #endif
..\..\User\Main.c(131): warning:  #940-D: missing return statement at end of non-void function "update_firmware" 
  }
..\..\User\Main.c(150): warning:  #951-D: return type of function "main" must be "int"
  void main (void)
..\..\User\Main.c: 4 warnings, 0 errors
compiling stm32f10x_it.c...
compiling User_Flash.c...
..\..\User\user_flash.h(40): warning:  #1-D: last line of file ends without a newline
  #endif
..\..\User\include.h(28): warning:  #1-D: last line of file ends without a newline
  #endif
..\..\User\User_Flash.c: 2 warnings, 0 errors
linking...
Program Size: Code=5032 RO-data=268 RW-data=40 ZI-data=2656  
FromELF: creating hex file...
After Build - User command #1: fromelf.exe --bin -o "C:\Users\Answer\Desktop\KeilÐÞ¸Ä¼æÈÝ\bootload_stm32\Project\MDK-ARM\obj\BootLoad_STM32.bin" "C:\Users\Answer\Desktop\KeilÐÞ¸Ä¼æÈÝ\bootload_stm32\Project\MDK-ARM\obj\BootLoad_STM32.axf"
".\obj\BootLoad_STM32.axf" - 0 Error(s), 6 Warning(s).

<h2>Software Packages used:</h2>

Package Vendor: ARM
                http://www.keil.com/pack/ARM.CMSIS.5.0.1.pack
                ARM::CMSIS:CORE:5.0.1
                CMSIS (Cortex Microcontroller Software Interface Standard)
   * Component: CORE Version: 5.0.1

<h2>Collection of Component include folders:</h2>
  .\RTE\_BootLoad_STM32
  C:\Keil_v5\ARM\PACK\ARM\CMSIS\5.0.1\CMSIS\Include
  C:\Keil_v5\ARM\PACK\Keil\STM32F1xx_DFP\2.2.0\Device\Include

<h2>Collection of Component Files used:</h2>

   * Component: ARM::CMSIS:CORE:5.0.1
Build Time Elapsed:  00:00:02
</pre>
</body>
</html>
