Component: ARM Compiler 5.06 update 4 (build 422) Tool: armlink [4d35d2]

==============================================================================

Section Cross References

    system_stm32f10x.o(.text) refers to system_stm32f10x.o(.data) for SystemCoreClock
    startup_stm32f10x_md.o(STACK) refers (Special) to heapauxi.o(.text) for __use_two_region_memory
    startup_stm32f10x_md.o(HEAP) refers (Special) to heapauxi.o(.text) for __use_two_region_memory
    startup_stm32f10x_md.o(RESET) refers (Special) to heapauxi.o(.text) for __use_two_region_memory
    startup_stm32f10x_md.o(RESET) refers to startup_stm32f10x_md.o(STACK) for __initial_sp
    startup_stm32f10x_md.o(RESET) refers to startup_stm32f10x_md.o(.text) for Reset_Handler
    startup_stm32f10x_md.o(RESET) refers to stm32f10x_it.o(.text) for NMI_Handler
    startup_stm32f10x_md.o(RESET) refers to user_timer.o(.text) for TIM2_IRQHandler
    startup_stm32f10x_md.o(RESET) refers to user_uart.o(.text) for USART1_IRQHandler
    startup_stm32f10x_md.o(.text) refers (Special) to heapauxi.o(.text) for __use_two_region_memory
    startup_stm32f10x_md.o(.text) refers to system_stm32f10x.o(.text) for SystemInit
    startup_stm32f10x_md.o(.text) refers to __main.o(!!!main) for __main
    startup_stm32f10x_md.o(.text) refers to startup_stm32f10x_md.o(HEAP) for Heap_Mem
    startup_stm32f10x_md.o(.text) refers to startup_stm32f10x_md.o(STACK) for Stack_Mem
    stm32f10x_gpio.o(.text) refers to stm32f10x_rcc.o(.text) for RCC_APB2PeriphResetCmd
    stm32f10x_rcc.o(.text) refers to stm32f10x_rcc.o(.data) for APBAHBPrescTable
    stm32f10x_tim.o(.text) refers to stm32f10x_rcc.o(.text) for RCC_APB2PeriphResetCmd
    stm32f10x_usart.o(.text) refers to stm32f10x_rcc.o(.text) for RCC_APB2PeriphResetCmd
    hal_key.o(.text) refers to hal_rgb.o(.text) for LED_RGB_Control
    hal_key.o(.text) refers to mcu_api.o(.text) for hex_to_bcd
    hal_key.o(.text) refers to stm32f10x_rcc.o(.text) for RCC_APB2PeriphClockCmd
    hal_key.o(.text) refers to stm32f10x_gpio.o(.text) for GPIO_Init
    hal_key.o(.text) refers to rt_memclr_w.o(.text) for __aeabi_memclr4
    hal_key.o(.text) refers to user_timer.o(.text) for Get_Count_Value
    hal_key.o(.text) refers to hal_key.o(.data) for wifi_test_mode
    hal_key.o(.text) refers to main.o(.bss) for FlashBuffer
    hal_key.o(.text) refers to hal_key.o(.bss) for Key_State
    hal_rgb.o(.text) refers to stm32f10x_rcc.o(.text) for RCC_APB2PeriphClockCmd
    hal_rgb.o(.text) refers to stm32f10x_gpio.o(.text) for GPIO_Init
    hal_rgb.o(.text) refers to stm32f10x_tim.o(.text) for TIM_Cmd
    hal_rgb.o(.text) refers to mcu_api.o(.text) for hex_to_bcd
    hal_rgb.o(.text) refers to user_timer.o(.data) for Timer2_Value
    hal_rgb.o(.text) refers to hal_rgb.o(.data) for light_r
    hal_rgb.o(.text) refers to main.o(.bss) for FlashBuffer
    mcu_api.o(.text) refers to _printf_percent.o(.ARM.Collect$$_printf_percent$$00000000) for _printf_percent
    mcu_api.o(.text) refers to _printf_x.o(.ARM.Collect$$_printf_percent$$0000000C) for _printf_x
    mcu_api.o(.text) refers to _printf_hex_int.o(.text) for _printf_longlong_hex
    mcu_api.o(.text) refers to system.o(.text) for set_wifi_uart_byte
    mcu_api.o(.text) refers to noretval__2printf.o(.text) for __2printf
    mcu_api.o(.text) refers to system.o(.data) for stop_update_flag
    mcu_api.o(.text) refers to system.o(.bss) for wifi_uart_rx_buf
    mcu_api.o(.text) refers to mcu_api.o(.data) for rx_in
    protocol.o(.text) refers to user_uart.o(.text) for Uart_PutChar
    protocol.o(.text) refers to mcu_api.o(.text) for mcu_dp_bool_update
    system.o(.text) refers to mcu_api.o(.text) for my_memcpy
    system.o(.text) refers to protocol.o(.text) for uart_transmit_output
    system.o(.text) refers to system.o(.bss) for wifi_uart_tx_buf
    system.o(.text) refers to system.o(.data) for mcu_reset_state
    system.o(.text) refers to protocol.o(.constdata) for download_cmd
    main.o(.text) refers to misc.o(.text) for NVIC_SetVectorTable
    main.o(.text) refers to stm32f10x_rcc.o(.text) for RCC_AHBPeriphClockCmd
    main.o(.text) refers to stm32f10x_gpio.o(.text) for GPIO_PinRemapConfig
    main.o(.text) refers to user_uart.o(.text) for USART1_Init
    main.o(.text) refers to user_timer.o(.text) for TIM2_Count_Init
    main.o(.text) refers to hal_key.o(.text) for KEY_Init
    main.o(.text) refers to hal_rgb.o(.text) for RGB_LED_Init
    main.o(.text) refers to mcu_api.o(.text) for mcu_get_wifi_work_state
    main.o(.text) refers to user_flash.o(.text) for Read_Flash
    main.o(.text) refers to rt_memclr_w.o(.text) for __aeabi_memclr4
    main.o(.text) refers to main.o(.bss) for FlashBuffer
    user_flash.o(.text) refers to stm32f10x_flash.o(.text) for FLASH_ProgramWord
    user_timer.o(.text) refers to stm32f10x_tim.o(.text) for TIM_GetITStatus
    user_timer.o(.text) refers to hal_rgb.o(.text) for RGB_Value_Set
    user_timer.o(.text) refers to stm32f10x_rcc.o(.text) for RCC_APB1PeriphClockCmd
[...]
    ..\..\Libraries\STM32F10x_StdPeriph_Driver\src\misc.c 0x00000000   Number         0  misc.o ABSOLUTE
    ..\..\Libraries\STM32F10x_StdPeriph_Driver\src\stm32f10x_exti.c 0x00000000   Number         0  stm32f10x_exti.o ABSOLUTE
    ..\..\Libraries\STM32F10x_StdPeriph_Driver\src\stm32f10x_flash.c 0x00000000   Number         0  stm32f10x_flash.o ABSOLUTE
    ..\..\Libraries\STM32F10x_StdPeriph_Driver\src\stm32f10x_gpio.c 0x00000000   Number         0  stm32f10x_gpio.o ABSOLUTE
    ..\..\Libraries\STM32F10x_StdPeriph_Driver\src\stm32f10x_rcc.c 0x00000000   Number         0  stm32f10x_rcc.o ABSOLUTE
    ..\..\Libraries\STM32F10x_StdPeriph_Driver\src\stm32f10x_tim.c 0x00000000   Number         0  stm32f10x_tim.o ABSOLUTE
    ..\..\Libraries\STM32F10x_StdPeriph_Driver\src\stm32f10x_usart.c 0x00000000   Number         0  stm32f10x_usart.o ABSOLUTE
    ..\..\User\User_Flash.c                  0x00000000   Number         0  user_flash.o ABSOLUTE
    ..\..\User\User_Timer.c                  0x00000000   Number         0  user_timer.o ABSOLUTE
    ..\..\User\User_Uart.c                   0x00000000   Number         0  user_uart.o ABSOLUTE
    ..\..\User\hard\Hal_Key.c                0x00000000   Number         0  hal_key.o ABSOLUTE
    ..\..\User\hard\Hal_RGB.c                0x00000000   Number         0  hal_rgb.o ABSOLUTE
    ..\..\User\main.c                        0x00000000   Number         0  main.o ABSOLUTE
    ..\..\User\mcu_sdk\mcu_api.c             0x00000000   Number         0  mcu_api.o ABSOLUTE
    ..\..\User\mcu_sdk\protocol.c            0x00000000   Number         0  protocol.o ABSOLUTE
    ..\..\User\mcu_sdk\system.c              0x00000000   Number         0  system.o ABSOLUTE
    ..\..\User\stm32f10x_it.c                0x00000000   Number         0  stm32f10x_it.o ABSOLUTE
    ..\\..\\Libraries\\CMSIS\\CM3\\CoreSupport\\core_cm3.c 0x00000000   Number         0  core_cm3.o ABSOLUTE
    dc.s                                     0x00000000   Number         0  dc.o ABSOLUTE
    RESET                                    0x08000000   Section      236  startup_stm32f10x_md.o(RESET)
    !!!main                                  0x080000ec   Section        8  __main.o(!!!main)
    !!!scatter                               0x080000f4   Section       52  __scatter.o(!!!scatter)
    !!handler_copy                           0x08000128   Section       26  __scatter_copy.o(!!handler_copy)
    !!handler_zi                             0x08000144   Section       28  __scatter_zi.o(!!handler_zi)
    .ARM.Collect$$_printf_percent$$00000000  0x08000160   Section        0  _printf_percent.o(.ARM.Collect$$_printf_percent$$00000000)
    .ARM.Collect$$_printf_percent$$0000000C  0x08000160   Section        6  _printf_x.o(.ARM.Collect$$_printf_percent$$0000000C)
    .ARM.Collect$$_printf_percent$$00000017  0x08000166   Section        4  _printf_percent_end.o(.ARM.Collect$$_printf_percent$$00000017)
    .ARM.Collect$$libinit$$00000000          0x0800016a   Section        2  libinit.o(.ARM.Collect$$libinit$$00000000)
    .ARM.Collect$$libinit$$00000002          0x0800016c   Section        0  libinit2.o(.ARM.Collect$$libinit$$00000002)
    .ARM.Collect$$libinit$$00000004          0x0800016c   Section        0  libinit2.o(.ARM.Collect$$libinit$$00000004)
    .ARM.Collect$$libinit$$00000005          0x0800016c   Section        8  libinit2.o(.ARM.Collect$$libinit$$00000005)
    .ARM.Collect$$libinit$$0000000A          0x08000174   Section        0  libinit2.o(.ARM.Collect$$libinit$$0000000A)
    .ARM.Collect$$libinit$$0000000C          0x08000174   Section        0  libinit2.o(.ARM.Collect$$libinit$$0000000C)
    .ARM.Collect$$libinit$$0000000E          0x08000174   Section        0  libinit2.o(.ARM.Collect$$libinit$$0000000E)
    .ARM.Collect$$libinit$$00000011          0x08000174   Section        0  libinit2.o(.ARM.Collect$$libinit$$00000011)
    .ARM.Collect$$libinit$$00000013          0x08000174   Section        0  libinit2.o(.ARM.Collect$$libinit$$00000013)
    .ARM.Collect$$libinit$$00000015          0x08000174   Section        0  libinit2.o(.ARM.Collect$$libinit$$00000015)
    .ARM.Collect$$libinit$$00000017          0x08000174   Section        0  libinit2.o(.ARM.Collect$$libinit$$00000017)
    .ARM.Collect$$libinit$$00000019          0x08000174   Section        0  libinit2.o(.ARM.Collect$$libinit$$00000019)
    .ARM.Collect$$libinit$$0000001B          0x08000174   Section        0  libinit2.o(.ARM.Collect$$libinit$$0000001B)
    .ARM.Collect$$libinit$$0000001D          0x08000174   Section        0  libinit2.o(.ARM.Collect$$libinit$$0000001D)
    .ARM.Collect$$libinit$$0000001F          0x08000174   Section        0  libinit2.o(.ARM.Collect$$libinit$$0000001F)
    .ARM.Collect$$libinit$$00000021          0x08000174   Section        0  libinit2.o(.ARM.Collect$$libinit$$00000021)
    .ARM.Collect$$libinit$$00000023          0x08000174   Section        0  libinit2.o(.ARM.Collect$$libinit$$00000023)
    .ARM.Collect$$libinit$$00000024          0x08000174   Section        4  libinit2.o(.ARM.Collect$$libinit$$00000024)
    .ARM.Collect$$libinit$$00000025          0x08000178   Section        0  libinit2.o(.ARM.Collect$$libinit$$00000025)
    .ARM.Collect$$libinit$$0000002C          0x08000178   Section        0  libinit2.o(.ARM.Collect$$libinit$$0000002C)
    .ARM.Collect$$libinit$$0000002E          0x08000178   Section        0  libinit2.o(.ARM.Collect$$libinit$$0000002E)
    .ARM.Collect$$libinit$$00000030          0x08000178   Section        0  libinit2.o(.ARM.Collect$$libinit$$00000030)
    .ARM.Collect$$libinit$$00000032          0x08000178   Section        0  libinit2.o(.ARM.Collect$$libinit$$00000032)
    .ARM.Collect$$libinit$$00000033          0x08000178   Section        2  libinit2.o(.ARM.Collect$$libinit$$00000033)
    .ARM.Collect$$libshutdown$$00000000      0x0800017a   Section        2  libshutdown.o(.ARM.Collect$$libshutdown$$00000000)
    .ARM.Collect$$libshutdown$$00000002      0x0800017c   Section        0  libshutdown2.o(.ARM.Collect$$libshutdown$$00000002)
    .ARM.Collect$$libshutdown$$00000003      0x0800017c   Section        4  libshutdown2.o(.ARM.Collect$$libshutdown$$00000003)
    .ARM.Collect$$libshutdown$$00000004      0x08000180   Section        0  libshutdown2.o(.ARM.Collect$$libshutdown$$00000004)
    .ARM.Collect$$libshutdown$$00000007      0x08000180   Section        0  libshutdown2.o(.ARM.Collect$$libshutdown$$00000007)
    .ARM.Collect$$libshutdown$$0000000A      0x08000180   Section        0  libshutdown2.o(.ARM.Collect$$libshutdown$$0000000A)
    .ARM.Collect$$libshutdown$$0000000C      0x08000180   Section        0  libshutdown2.o(.ARM.Collect$$libshutdown$$0000000C)
    .ARM.Collect$$libshutdown$$0000000F      0x08000180   Section        0  libshutdown2.o(.ARM.Collect$$libshutdown$$0000000F)
    .ARM.Collect$$libshutdown$$00000010      0x08000180   Section        2  libshutdown2.o(.ARM.Collect$$libshutdown$$00000010)
    .ARM.Collect$$rtentry$$00000000          0x08000182   Section        0  __rtentry.o(.ARM.Collect$$rtentry$$00000000)
    .ARM.Collect$$rtentry$$00000002          0x08000182   Section        0  __rtentry2.o(.ARM.Collect$$rtentry$$00000002)
    .ARM.Collect$$rtentry$$00000004          0x08000182   Section        6  __rtentry4.o(.ARM.Collect$$rtentry$$00000004)
    .ARM.Collect$$rtentry$$00000009          0x08000188   Section        0  __rtentry2.o(.ARM.Collect$$rtentry$$00000009)
    .ARM.Collect$$rtentry$$0000000A          0x08000188   Section        4  __rtentry2.o(.ARM.Collect$$rtentry$$0000000A)
    .ARM.Collect$$rtentry$$0000000C          0x0800018c   Section        0  __rtentry2.o(.ARM.Collect$$rtentry$$0000000C)
    .ARM.Collect$$rtentry$$0000000D          0x0800018c   Section        8  __rtentry2.o(.ARM.Collect$$rtentry$$0000000D)
    .ARM.Collect$$rtexit$$00000000           0x08000194   Section        2  rtexit.o(.ARM.Collect$$rtexit$$00000000)
    .ARM.Collect$$rtexit$$00000002           0x08000196   Section        0  rtexit2.o(.ARM.Collect$$rtexit$$00000002)
    .ARM.Collect$$rtexit$$00000003           0x08000196   Section        4  rtexit2.o(.ARM.Collect$$rtexit$$00000003)
    .ARM.Collect$$rtexit$$00000004           0x0800019a   Section        6  rtexit2.o(.ARM.Collect$$rtexit$$00000004)
    .emb_text                                0x080001a0   Section        0  maybetermalloc1.o(.emb_text)
    .text                                    0x080001a0   Section        0  system_stm32f10x.o(.text)
    SetSysClockTo72                          0x080001a1   Thumb Code   214  system_stm32f10x.o(.text)
    SetSysClock                              0x08000277   Thumb Code     8  system_stm32f10x.o(.text)
    .text                                    0x08000380   Section       64  startup_stm32f10x_md.o(.text)
    .text                                    0x080003c0   Section        0  misc.o(.text)
    .text                                    0x0800049c   Section        0  stm32f10x_flash.o(.text)
    .text                                    0x08000a58   Section        0  stm32f10x_gpio.o(.text)
    .text                                    0x08000db4   Section        0  stm32f10x_rcc.o(.text)
    .text                                    0x08001158   Section        0  stm32f10x_tim.o(.text)
    TI4_Config                               0x080015ff   Thumb Code   130  stm32f10x_tim.o(.text)
    TI3_Config                               0x08001693   Thumb Code   122  stm32f10x_tim.o(.text)
    TI2_Config                               0x08001727   Thumb Code   130  stm32f10x_tim.o(.text)
    TI1_Config                               0x080017bb   Thumb Code   108  stm32f10x_tim.o(.text)
    .text                                    0x08001f74   Section        0  stm32f10x_usart.o(.text)
    .text                                    0x0800237c   Section        0  hal_key.o(.text)
    Key1_ShortPress_Handle                   0x0800237d   Thumb Code   174  hal_key.o(.text)
    Key1_LongPress_Handle                    0x0800242b   Thumb Code     8  hal_key.o(.text)
    Key2_ShortPress_Handle                   0x08002433   Thumb Code     2  hal_key.o(.text)
    Key2_LongPress_Handle                    0x08002435   Thumb Code   160  hal_key.o(.text)
    Get_Key                                  0x0800252d   Thumb Code    40  hal_key.o(.text)
    Get_Key_Press_Time                       0x08002555   Thumb Code    26  hal_key.o(.text)
    .text                                    0x080026d8   Section        0  hal_rgb.o(.text)
    .text                                    0x0800295c   Section        0  mcu_api.o(.text)
    .text                                    0x08002fac   Section        0  protocol.o(.text)
    dp_download_switch_led_handle            0x08003005   Thumb Code    40  protocol.o(.text)
    dp_download_work_mode_handle             0x0800302d   Thumb Code    68  protocol.o(.text)
    dp_download_bright_value_handle          0x08003071   Thumb Code    40  protocol.o(.text)
    dp_download_colour_data_handle           0x08003099   Thumb Code    28  protocol.o(.text)
    dp_download_scene_data_handle            0x080030b5   Thumb Code    28  protocol.o(.text)
    dp_download_countdown_handle             0x080030d1   Thumb Code    40  protocol.o(.text)
    dp_download_music_data_handle            0x080030f9   Thumb Code    28  protocol.o(.text)
    dp_download_control_data_handle          0x08003115   Thumb Code    28  protocol.o(.text)
    .text                                    0x080031c8   Section        0  system.o(.text)
    wifi_uart_write_data                     0x08003213   Thumb Code    36  system.o(.text)
    heat_beat_check                          0x08003283   Thumb Code    50  system.o(.text)
    product_info_update                      0x080032b5   Thumb Code   164  system.o(.text)
    get_mcu_wifi_mode                        0x08003359   Thumb Code    16  system.o(.text)
    get_dowmload_dpid_index                  0x08003369   Thumb Code    40  system.o(.text)
    data_point_handle                        0x08003391   Thumb Code    70  system.o(.text)
    .text                                    0x08003550   Section        0  main.o(.text)
    .text                                    0x080036b0   Section        0  stm32f10x_it.o(.text)
    .text                                    0x080036ca   Section        0  user_flash.o(.text)
    FlashProgramU32                          0x080036cb   Thumb Code    78  user_flash.o(.text)
    VerifyData                               0x08003719   Thumb Code   104  user_flash.o(.text)
    .text                                    0x08003828   Section        0  user_timer.o(.text)
    .text                                    0x08003994   Section        0  user_uart.o(.text)
    .text                                    0x08003b80   Section        0  noretval__2printf.o(.text)
    .text                                    0x08003b98   Section        0  __printf.o(.text)
    .text                                    0x08003c00   Section        0  _printf_hex_int.o(.text)
    .text                                    0x08003c58   Section       78  rt_memclr_w.o(.text)
    .text                                    0x08003ca6   Section        0  heapauxi.o(.text)
    .text                                    0x08003cac   Section        0  _printf_intcommon.o(.text)
    .text                                    0x08003d60   Section        0  _printf_char_file.o(.text)
    .text                                    0x08003d84   Section        0  _printf_char_common.o(.text)
    _printf_input_char                       0x08003d85   Thumb Code    10  _printf_char_common.o(.text)
    .text                                    0x08003db4   Section        0  ferror.o(.text)
    .text                                    0x08003dbc   Section        0  initio.o(.text)
    .text                                    0x08003ef4   Section        0  sys_io.o(.text)
    .text                                    0x08003f5a   Section       74  sys_stackheap_outer.o(.text)
    .text                                    0x08003fa4   Section        0  h1_free.o(.text)
    .text                                    0x08003ff2   Section        0  flsbuf.o(.text)
    .text                                    0x080041c8   Section        0  setvbuf.o(.text)
    .text                                    0x08004210   Section        0  fopen.o(.text)
    _freopen_locked                          0x08004211   Thumb Code     0  fopen.o(.text)
    .text                                    0x080042fc   Section        0  fclose.o(.text)
    .text                                    0x08004348   Section        0  exit.o(.text)
    .text                                    0x0800435a   Section        0  defsig_rtred_outer.o(.text)
    .text                                    0x08004368   Section        8  libspace.o(.text)
    .text                                    0x08004370   Section        2  use_no_semi.o(.text)
    .text                                    0x08004372   Section        0  indicate_semi.o(.text)
    .text                                    0x08004374   Section        8  rt_heap_descriptor_intlibspace.o(.text)
    .text                                    0x0800437c   Section        0  hguard.o(.text)
    .text                                    0x08004380   Section        0  init_alloc.o(.text)
    .text                                    0x0800440a   Section        0  h1_alloc.o(.text)
    .text                                    0x08004468   Section        0  fseek.o(.text)
    .text                                    0x08004560   Section        0  stdio.o(.text)
    .text                                    0x08004650   Section        0  defsig_exit.o(.text)
    .text                                    0x0800465c   Section        0  defsig_rtred_inner.o(.text)
    .text                                    0x08004690   Section        0  strlen.o(.text)
    .text                                    0x080046d0   Section        0  sys_exit.o(.text)
    .text                                    0x080046dc   Section        0  h1_init.o(.text)
    .text                                    0x080046ea   Section        0  h1_extend.o(.text)
    .text                                    0x0800471e   Section        0  ftell.o(.text)
    .text                                    0x08004760   Section        0  defsig_general.o(.text)
    .text                                    0x08004792   Section        0  defsig_rtmem_outer.o(.text)
    .text                                    0x080047a0   Section        0  sys_wrch.o(.text)
    .text                                    0x080047b0   Section        8  rt_errno_addr_intlibspace.o(.text)
    .text                                    0x080047b8   Section        0  defsig_rtmem_inner.o(.text)
    i.fputc                                  0x08004808   Section        0  fputc.o(i.fputc)
    .constdata                               0x08004822   Section       16  protocol.o(.constdata)
    .constdata                               0x08004832   Section       40  _printf_hex_int.o(.constdata)
    uc_hextab                                0x08004832   Data          20  _printf_hex_int.o(.constdata)
    lc_hextab                                0x08004846   Data          20  _printf_hex_int.o(.constdata)
    .constdata                               0x0800485a   Section        4  sys_io.o(.constdata)
    .constdata                               0x0800485e   Section        4  sys_io.o(.constdata)
    .constdata                               0x08004862   Section        4  sys_io.o(.constdata)
    .data                                    0x20000000   Section       20  system_stm32f10x.o(.data)
    .data                                    0x20000014   Section       20  stm32f10x_rcc.o(.data)
    APBAHBPrescTable                         0x20000014   Data          16  stm32f10x_rcc.o(.data)
    ADCPrescTable                            0x20000024   Data           4  stm32f10x_rcc.o(.data)
    .data                                    0x20000028   Section        1  hal_key.o(.data)
    .data                                    0x20000029   Section        3  hal_rgb.o(.data)
    .data                                    0x2000002c   Section        2  mcu_api.o(.data)
    rx_in                                    0x2000002c   Data           2  mcu_api.o(.data)
    .data                                    0x20000030   Section       13  system.o(.data)
    mcu_reset_state                          0x2000003c   Data           1  system.o(.data)
    .data                                    0x20000040   Section       16  user_timer.o(.data)
    Timer3_Value                             0x20000048   Data           4  user_timer.o(.data)
    System_Sec_Flag                          0x2000004d   Data           1  user_timer.o(.data)
    cnt                                      0x2000004e   Data           1  user_timer.o(.data)
    color                                    0x2000004f   Data           1  user_timer.o(.data)
    .data                                    0x20000050   Section        4  stdio_streams.o(.data)
    .data                                    0x20000054   Section        4  stdio_streams.o(.data)
    .data                                    0x20000058   Section        4  stdio_streams.o(.data)
    .bss                                     0x2000005c   Section       32  hal_key.o(.bss)
    Key_State                                0x2000005c   Data          32  hal_key.o(.bss)
    .bss                                     0x2000007c   Section      109  system.o(.bss)
    .bss                                     0x200000ec   Section       36  main.o(.bss)
    .bss                                     0x20000110   Section       84  stdio_streams.o(.bss)
    .bss                                     0x20000164   Section       84  stdio_streams.o(.bss)
    .bss                                     0x200001b8   Section       84  stdio_streams.o(.bss)
    .bss                                     0x2000020c   Section       96  libspace.o(.bss)
    HEAP                                     0x20000270   Section      512  startup_stm32f10x_md.o(HEAP)
    Heap_Mem                                 0x20000270   Data         512  startup_stm32f10x_md.o(HEAP)
    STACK                                    0x20000470   Section     1024  startup_stm32f10x_md.o(STACK)
    Stack_Mem                                0x20000470   Data        1024  startup_stm32f10x_md.o(STACK)
    __initial_sp                             0x20000870   Data           0  startup_stm32f10x_md.o(STACK)

    Global Symbols

    Symbol Name                              Value     Ov Type        Size  Object(Section)

    BuildAttributes$$THM_ISAv4$P$D$K$B$S$PE$A:L22UL41UL21$X:L11$S22US41US21$IEEE1$IW$USESV6$~STKCKD$USESV7$~SHL$OTIME$ROPI$EBA8$UX$STANDARDLIB$REQ8$PRES8$EABIv2 0x00000000   Number         0  anon$$obj.o ABSOLUTE
    __ARM_use_no_argv                        0x00000000   Number         0  main.o ABSOLUTE
    __ARM_exceptions_init                     - Undefined Weak Reference
    __alloca_initialize                       - Undefined Weak Reference
    __arm_preinit_                            - Undefined Weak Reference
    __cpp_initialize__aeabi_                  - Undefined Weak Reference
    __cxa_finalize                            - Undefined Weak Reference
    __rt_locale                               - Undefined Weak Reference
    __sigvec_lookup                           - Undefined Weak Reference
    __user_heap_extent                        - Undefined Weak Reference
    _atexit_init                              - Undefined Weak Reference
    _call_atexit_fns                          - Undefined Weak Reference
    _clock_init                               - Undefined Weak Reference
    _fp_trap_init                             - Undefined Weak Reference
    _fp_trap_shutdown                         - Undefined Weak Reference
    _get_lc_collate                           - Undefined Weak Reference
    _get_lc_ctype                             - Undefined Weak Reference
    _get_lc_monetary                          - Undefined Weak Reference
    _get_lc_numeric                           - Undefined Weak Reference
    _get_lc_time                              - Undefined Weak Reference
    _getenv_init                              - Undefined Weak Reference
    _handle_redirection                       - Undefined Weak Reference
    _mutex_acquire                            - Undefined Weak Reference
    _mutex_free                               - Undefined Weak Reference
    _mutex_release                            - Undefined Weak Reference
    _printf_post_padding                      - Undefined Weak Reference
    _printf_pre_padding                       - Undefined Weak Reference
    _printf_truncate_unsigned                 - Undefined Weak Reference
    _rand_init                                - Undefined Weak Reference
    _signal_finish                            - Undefined Weak Reference
    _signal_init                              - Undefined Weak Reference
    __Vectors_Size                           0x000000ec   Number         0  startup_stm32f10x_md.o ABSOLUTE
    __Vectors                                0x08000000   Data           4  startup_stm32f10x_md.o(RESET)
    __Vectors_End                            0x080000ec   Data           0  startup_stm32f10x_md.o(RESET)
    __main                                   0x080000ed   Thumb Code     8  __main.o(!!!main)
    __scatterload                            0x080000f5   Thumb Code     0  __scatter.o(!!!scatter)
    __scatterload_rt2                        0x080000f5   Thumb Code    44  __scatter.o(!!!scatter)
    __scatterload_rt2_thumb_only             0x080000f5   Thumb Code     0  __scatter.o(!!!scatter)
    __scatterload_null                       0x08000103   Thumb Code     0  __scatter.o(!!!scatter)
    __scatterload_copy                       0x08000129   Thumb Code    26  __scatter_copy.o(!!handler_copy)
    __scatterload_zeroinit                   0x08000145   Thumb Code    28  __scatter_zi.o(!!handler_zi)
    _printf_percent                          0x08000161   Thumb Code     0  _printf_percent.o(.ARM.Collect$$_printf_percent$$00000000)
    _printf_x                                0x08000161   Thumb Code     0  _printf_x.o(.ARM.Collect$$_printf_percent$$0000000C)
    _printf_percent_end                      0x08000167   Thumb Code     0  _printf_percent_end.o(.ARM.Collect$$_printf_percent$$00000017)
    __rt_lib_init                            0x0800016b   Thumb Code     0  libinit.o(.ARM.Collect$$libinit$$00000000)
    __rt_lib_init_fp_1                       0x0800016d   Thumb Code     0  libinit2.o(.ARM.Collect$$libinit$$00000002)
    __rt_lib_init_heap_2                     0x0800016d   Thumb Code     0  libinit2.o(.ARM.Collect$$libinit$$00000005)
    __rt_lib_init_preinit_1                  0x0800016d   Thumb Code     0  libinit2.o(.ARM.Collect$$libinit$$00000004)
    __rt_lib_init_atexit_1                   0x08000175   Thumb Code     0  libinit2.o(.ARM.Collect$$libinit$$0000001B)
    __rt_lib_init_clock_1                    0x08000175   Thumb Code     0  libinit2.o(.ARM.Collect$$libinit$$00000021)
    __rt_lib_init_fp_trap_1                  0x08000175   Thumb Code     0  libinit2.o(.ARM.Collect$$libinit$$0000001F)
    __rt_lib_init_getenv_1                   0x08000175   Thumb Code     0  libinit2.o(.ARM.Collect$$libinit$$00000023)
    __rt_lib_init_heap_1                     0x08000175   Thumb Code     0  libinit2.o(.ARM.Collect$$libinit$$0000000A)
    __rt_lib_init_lc_collate_1               0x08000175   Thumb Code     0  libinit2.o(.ARM.Collect$$libinit$$00000011)
    __rt_lib_init_lc_ctype_1                 0x08000175   Thumb Code     0  libinit2.o(.ARM.Collect$$libinit$$00000013)
    __rt_lib_init_lc_monetary_1              0x08000175   Thumb Code     0  libinit2.o(.ARM.Collect$$libinit$$00000015)
    __rt_lib_init_lc_numeric_1               0x08000175   Thumb Code     0  libinit2.o(.ARM.Collect$$libinit$$00000017)
    __rt_lib_init_lc_time_1                  0x08000175   Thumb Code     0  libinit2.o(.ARM.Collect$$libinit$$00000019)
    __rt_lib_init_rand_1                     0x08000175   Thumb Code     0  libinit2.o(.ARM.Collect$$libinit$$0000000E)
    __rt_lib_init_signal_1                   0x08000175   Thumb Code     0  libinit2.o(.ARM.Collect$$libinit$$0000001D)
    __rt_lib_init_stdio_2                    0x08000175   Thumb Code     0  libinit2.o(.ARM.Collect$$libinit$$00000024)
    __rt_lib_init_user_alloc_1               0x08000175   Thumb Code     0  libinit2.o(.ARM.Collect$$libinit$$0000000C)
    __rt_lib_init_alloca_1                   0x08000179   Thumb Code     0  libinit2.o(.ARM.Collect$$libinit$$0000002E)
    __rt_lib_init_argv_1                     0x08000179   Thumb Code     0  libinit2.o(.ARM.Collect$$libinit$$0000002C)
    __rt_lib_init_cpp_1                      0x08000179   Thumb Code     0  libinit2.o(.ARM.Collect$$libinit$$00000032)
    __rt_lib_init_exceptions_1               0x08000179   Thumb Code     0  libinit2.o(.ARM.Collect$$libinit$$00000030)
    __rt_lib_init_return                     0x08000179   Thumb Code     0  libinit2.o(.ARM.Collect$$libinit$$00000033)
    __rt_lib_init_stdio_1                    0x08000179   Thumb Code     0  libinit2.o(.ARM.Collect$$libinit$$00000025)
    __rt_lib_shutdown                        0x0800017b   Thumb Code     0  libshutdown.o(.ARM.Collect$$libshutdown$$00000000)
    __rt_lib_shutdown_cpp_1                  0x0800017d   Thumb Code     0  libshutdown2.o(.ARM.Collect$$libshutdown$$00000002)
    __rt_lib_shutdown_stdio_2                0x0800017d   Thumb Code     0  libshutdown2.o(.ARM.Collect$$libshutdown$$00000003)
    __rt_lib_shutdown_fp_trap_1              0x08000181   Thumb Code     0  libshutdown2.o(.ARM.Collect$$libshutdown$$00000007)
    __rt_lib_shutdown_heap_1                 0x08000181   Thumb Code     0  libshutdown2.o(.ARM.Collect$$libshutdown$$0000000F)
    __rt_lib_shutdown_return                 0x08000181   Thumb Code     0  libshutdown2.o(.ARM.Collect$$libshutdown$$00000010)
    __rt_lib_shutdown_signal_1               0x08000181   Thumb Code     0  libshutdown2.o(.ARM.Collect$$libshutdown$$0000000A)
    __rt_lib_shutdown_stdio_1                0x08000181   Thumb Code     0  libshutdown2.o(.ARM.Collect$$libshutdown$$00000004)
    __rt_lib_shutdown_user_alloc_1           0x08000181   Thumb Code     0  libshutdown2.o(.ARM.Collect$$libshutdown$$0000000C)
    __rt_entry                               0x08000183   Thumb Code     0  __rtentry.o(.ARM.Collect$$rtentry$$00000000)
    __rt_entry_presh_1                       0x08000183   Thumb Code     0  __rtentry2.o(.ARM.Collect$$rtentry$$00000002)
    __rt_entry_sh                            0x08000183   Thumb Code     0  __rtentry4.o(.ARM.Collect$$rtentry$$00000004)
    __rt_entry_li                            0x08000189   Thumb Code     0  __rtentry2.o(.ARM.Collect$$rtentry$$0000000A)
    __rt_entry_postsh_1                      0x08000189   Thumb Code     0  __rtentry2.o(.ARM.Collect$$rtentry$$00000009)
    __rt_entry_main                          0x0800018d   Thumb Code     0  __rtentry2.o(.ARM.Collect$$rtentry$$0000000D)
    __rt_entry_postli_1                      0x0800018d   Thumb Code     0  __rtentry2.o(.ARM.Collect$$rtentry$$0000000C)
    __rt_exit                                0x08000195   Thumb Code     0  rtexit.o(.ARM.Collect$$rtexit$$00000000)
    __rt_exit_ls                             0x08000197   Thumb Code     0  rtexit2.o(.ARM.Collect$$rtexit$$00000003)
    __rt_exit_prels_1                        0x08000197   Thumb Code     0  rtexit2.o(.ARM.Collect$$rtexit$$00000002)
    __rt_exit_exit                           0x0800019b   Thumb Code     0  rtexit2.o(.ARM.Collect$$rtexit$$00000004)
    _maybe_terminate_alloc                   0x080001a1   Thumb Code     0  maybetermalloc1.o(.emb_text)
    SystemInit                               0x0800027f   Thumb Code    78  system_stm32f10x.o(.text)
    SystemCoreClockUpdate                    0x080002cd   Thumb Code   142  system_stm32f10x.o(.text)
    Reset_Handler                            0x08000381   Thumb Code     8  startup_stm32f10x_md.o(.text)
    ADC1_2_IRQHandler                        0x0800039b   Thumb Code     0  startup_stm32f10x_md.o(.text)
    CAN1_RX1_IRQHandler                      0x0800039b   Thumb Code     0  startup_stm32f10x_md.o(.text)
    CAN1_SCE_IRQHandler                      0x0800039b   Thumb Code     0  startup_stm32f10x_md.o(.text)
    DMA1_Channel1_IRQHandler                 0x0800039b   Thumb Code     0  startup_stm32f10x_md.o(.text)
    DMA1_Channel2_IRQHandler                 0x0800039b   Thumb Code     0  startup_stm32f10x_md.o(.text)
    DMA1_Channel3_IRQHandler                 0x0800039b   Thumb Code     0  startup_stm32f10x_md.o(.text)
    DMA1_Channel4_IRQHandler                 0x0800039b   Thumb Code     0  startup_stm32f10x_md.o(.text)
    DMA1_Channel5_IRQHandler                 0x0800039b   Thumb Code     0  startup_stm32f10x_md.o(.text)
    DMA1_Channel6_IRQHandler                 0x0800039b   Thumb Code     0  startup_stm32f10x_md.o(.text)
    DMA1_Channel7_IRQHandler                 0x0800039b   Thumb Code     0  startup_stm32f10x_md.o(.text)
    EXTI0_IRQHandler                         0x0800039b   Thumb Code     0  startup_stm32f10x_md.o(.text)
    EXTI15_10_IRQHandler                     0x0800039b   Thumb Code     0  startup_stm32f10x_md.o(.text)
    EXTI1_IRQHandler                         0x0800039b   Thumb Code     0  startup_stm32f10x_md.o(.text)
    EXTI2_IRQHandler                         0x0800039b   Thumb Code     0  startup_stm32f10x_md.o(.text)
    EXTI3_IRQHandler                         0x0800039b   Thumb Code     0  startup_stm32f10x_md.o(.text)
    EXTI4_IRQHandler                         0x0800039b   Thumb Code     0  startup_stm32f10x_md.o(.text)
    EXTI9_5_IRQHandler                       0x0800039b   Thumb Code     0  startup_stm32f10x_md.o(.text)
    FLASH_IRQHandler                         0x0800039b   Thumb Code     0  startup_stm32f10x_md.o(.text)
    I2C1_ER_IRQHandler                       0x0800039b   Thumb Code     0  startup_stm32f10x_md.o(.text)
    I2C1_EV_IRQHandler                       0x0800039b   Thumb Code     0  startup_stm32f10x_md.o(.text)
    I2C2_ER_IRQHandler                       0x0800039b   Thumb Code     0  startup_stm32f10x_md.o(.text)
    I2C2_EV_IRQHandler                       0x0800039b   Thumb Code     0  startup_stm32f10x_md.o(.text)
    PVD_IRQHandler                           0x0800039b   Thumb Code     0  startup_stm32f10x_md.o(.text)
    RCC_IRQHandler                           0x0800039b   Thumb Code     0  startup_stm32f10x_md.o(.text)
    RTCAlarm_IRQHandler                      0x0800039b   Thumb Code     0  startup_stm32f10x_md.o(.text)
    RTC_IRQHandler                           0x0800039b   Thumb Code     0  startup_stm32f10x_md.o(.text)
    SPI1_IRQHandler                          0x0800039b   Thumb Code     0  startup_stm32f10x_md.o(.text)
    SPI2_IRQHandler                          0x0800039b   Thumb Code     0  startup_stm32f10x_md.o(.text)
    TAMPER_IRQHandler                        0x0800039b   Thumb Code     0  startup_stm32f10x_md.o(.text)
    TIM1_BRK_IRQHandler                      0x0800039b   Thumb Code     0  startup_stm32f10x_md.o(.text)
    TIM1_CC_IRQHandler                       0x0800039b   Thumb Code     0  startup_stm32f10x_md.o(.text)
    TIM1_TRG_COM_IRQHandler                  0x0800039b   Thumb Code     0  startup_stm32f10x_md.o(.text)
    TIM1_UP_IRQHandler                       0x0800039b   Thumb Code     0  startup_stm32f10x_md.o(.text)
    TIM4_IRQHandler                          0x0800039b   Thumb Code     0  startup_stm32f10x_md.o(.text)
    USART2_IRQHandler                        0x0800039b   Thumb Code     0  startup_stm32f10x_md.o(.text)
    USBWakeUp_IRQHandler                     0x0800039b   Thumb Code     0  startup_stm32f10x_md.o(.text)
    USB_HP_CAN1_TX_IRQHandler                0x0800039b   Thumb Code     0  startup_stm32f10x_md.o(.text)
    USB_LP_CAN1_RX0_IRQHandler               0x0800039b   Thumb Code     0  startup_stm32f10x_md.o(.text)
    WWDG_IRQHandler                          0x0800039b   Thumb Code     0  startup_stm32f10x_md.o(.text)
    __user_initial_stackheap                 0x0800039d   Thumb Code     0  startup_stm32f10x_md.o(.text)
    NVIC_PriorityGroupConfig                 0x080003c1   Thumb Code    10  misc.o(.text)
    NVIC_Init                                0x080003cb   Thumb Code   100  misc.o(.text)
    NVIC_SetVectorTable                      0x0800042f   Thumb Code    14  misc.o(.text)
    NVIC_SystemLPConfig                      0x0800043d   Thumb Code    34  misc.o(.text)
    SysTick_CLKSourceConfig                  0x0800045f   Thumb Code    40  misc.o(.text)
    FLASH_SetLatency                         0x0800049d   Thumb Code    18  stm32f10x_flash.o(.text)
    FLASH_HalfCycleAccessCmd                 0x080004af   Thumb Code    22  stm32f10x_flash.o(.text)
    FLASH_PrefetchBufferCmd                  0x080004c5   Thumb Code    22  stm32f10x_flash.o(.text)
    FLASH_Unlock                             0x080004db   Thumb Code    12  stm32f10x_flash.o(.text)
    FLASH_UnlockBank1                        0x080004e7   Thumb Code    12  stm32f10x_flash.o(.text)
    FLASH_Lock                               0x080004f3   Thumb Code    14  stm32f10x_flash.o(.text)
    FLASH_LockBank1                          0x08000501   Thumb Code    14  stm32f10x_flash.o(.text)
    FLASH_GetBank1Status                     0x0800050f   Thumb Code    48  stm32f10x_flash.o(.text)
    FLASH_WaitForLastOperation               0x0800053f   Thumb Code    38  stm32f10x_flash.o(.text)
    FLASH_ErasePage                          0x08000565   Thumb Code    72  stm32f10x_flash.o(.text)
    FLASH_EraseAllPages                      0x080005ad   Thumb Code    68  stm32f10x_flash.o(.text)
    FLASH_WaitForLastBank1Operation          0x080005f1   Thumb Code    38  stm32f10x_flash.o(.text)
    FLASH_EraseAllBank1Pages                 0x08000617   Thumb Code    68  stm32f10x_flash.o(.text)
    FLASH_GetReadOutProtectionStatus         0x0800065b   Thumb Code    20  stm32f10x_flash.o(.text)
    FLASH_EraseOptionBytes                   0x0800066f   Thumb Code   150  stm32f10x_flash.o(.text)
    FLASH_ProgramWord                        0x08000705   Thumb Code   102  stm32f10x_flash.o(.text)
    FLASH_ProgramHalfWord                    0x0800076b   Thumb Code    60  stm32f10x_flash.o(.text)
    FLASH_ProgramOptionByteData              0x080007a7   Thumb Code    72  stm32f10x_flash.o(.text)
    FLASH_EnableWriteProtection              0x080007ef   Thumb Code   200  stm32f10x_flash.o(.text)
    FLASH_ReadOutProtection                  0x080008b7   Thumb Code   156  stm32f10x_flash.o(.text)
    FLASH_UserOptionByteConfig               0x08000953   Thumb Code    88  stm32f10x_flash.o(.text)
    FLASH_GetUserOptionByte                  0x080009ab   Thumb Code     8  stm32f10x_flash.o(.text)
    FLASH_GetWriteProtectionOptionByte       0x080009b3   Thumb Code     6  stm32f10x_flash.o(.text)
    FLASH_GetPrefetchBufferStatus            0x080009b9   Thumb Code    20  stm32f10x_flash.o(.text)
    FLASH_ITConfig                           0x080009cd   Thumb Code    26  stm32f10x_flash.o(.text)
    FLASH_GetFlagStatus                      0x080009e7   Thumb Code    42  stm32f10x_flash.o(.text)
    FLASH_ClearFlag                          0x08000a11   Thumb Code     6  stm32f10x_flash.o(.text)
    FLASH_GetStatus                          0x08000a17   Thumb Code    48  stm32f10x_flash.o(.text)
    GPIO_DeInit                              0x08000a59   Thumb Code   172  stm32f10x_gpio.o(.text)
    GPIO_AFIODeInit                          0x08000b05   Thumb Code    20  stm32f10x_gpio.o(.text)
    GPIO_Init                                0x08000b19   Thumb Code   278  stm32f10x_gpio.o(.text)
    GPIO_StructInit                          0x08000c2f   Thumb Code    16  stm32f10x_gpio.o(.text)
    GPIO_ReadInputDataBit                    0x08000c3f   Thumb Code    18  stm32f10x_gpio.o(.text)
    GPIO_ReadInputData                       0x08000c51   Thumb Code     8  stm32f10x_gpio.o(.text)
    GPIO_ReadOutputDataBit                   0x08000c59   Thumb Code    18  stm32f10x_gpio.o(.text)
    GPIO_ReadOutputData                      0x08000c6b   Thumb Code     8  stm32f10x_gpio.o(.text)
    GPIO_SetBits                             0x08000c73   Thumb Code     4  stm32f10x_gpio.o(.text)
    GPIO_ResetBits                           0x08000c77   Thumb Code     4  stm32f10x_gpio.o(.text)
    GPIO_WriteBit                            0x08000c7b   Thumb Code    10  stm32f10x_gpio.o(.text)
    GPIO_Write                               0x08000c85   Thumb Code     4  stm32f10x_gpio.o(.text)
    GPIO_PinLockConfig                       0x08000c89   Thumb Code    18  stm32f10x_gpio.o(.text)
    GPIO_EventOutputConfig                   0x08000c9b   Thumb Code    26  stm32f10x_gpio.o(.text)
    GPIO_EventOutputCmd                      0x08000cb5   Thumb Code     6  stm32f10x_gpio.o(.text)
    GPIO_PinRemapConfig                      0x08000cbb   Thumb Code   138  stm32f10x_gpio.o(.text)
    GPIO_EXTILineConfig                      0x08000d45   Thumb Code    66  stm32f10x_gpio.o(.text)
    GPIO_ETH_MediaInterfaceConfig            0x08000d87   Thumb Code     8  stm32f10x_gpio.o(.text)
    RCC_DeInit                               0x08000db5   Thumb Code    64  stm32f10x_rcc.o(.text)
    RCC_HSEConfig                            0x08000df5   Thumb Code    70  stm32f10x_rcc.o(.text)
    RCC_GetFlagStatus                        0x08000e3b   Thumb Code    56  stm32f10x_rcc.o(.text)
    RCC_WaitForHSEStartUp                    0x08000e73   Thumb Code    56  stm32f10x_rcc.o(.text)
    RCC_AdjustHSICalibrationValue            0x08000eab   Thumb Code    20  stm32f10x_rcc.o(.text)
    RCC_HSICmd                               0x08000ebf   Thumb Code     6  stm32f10x_rcc.o(.text)
    RCC_PLLConfig                            0x08000ec5   Thumb Code    24  stm32f10x_rcc.o(.text)
    RCC_PLLCmd                               0x08000edd   Thumb Code     6  stm32f10x_rcc.o(.text)
    RCC_SYSCLKConfig                         0x08000ee3   Thumb Code    18  stm32f10x_rcc.o(.text)
    RCC_GetSYSCLKSource                      0x08000ef5   Thumb Code    10  stm32f10x_rcc.o(.text)
    RCC_HCLKConfig                           0x08000eff   Thumb Code    18  stm32f10x_rcc.o(.text)
    RCC_PCLK1Config                          0x08000f11   Thumb Code    18  stm32f10x_rcc.o(.text)
    RCC_PCLK2Config                          0x08000f23   Thumb Code    20  stm32f10x_rcc.o(.text)
    RCC_ITConfig                             0x08000f37   Thumb Code    26  stm32f10x_rcc.o(.text)
    RCC_USBCLKConfig                         0x08000f51   Thumb Code     8  stm32f10x_rcc.o(.text)
    RCC_ADCCLKConfig                         0x08000f59   Thumb Code    18  stm32f10x_rcc.o(.text)
    RCC_LSEConfig                            0x08000f6b   Thumb Code    50  stm32f10x_rcc.o(.text)
    RCC_LSICmd                               0x08000f9d   Thumb Code     6  stm32f10x_rcc.o(.text)
    RCC_RTCCLKConfig                         0x08000fa3   Thumb Code    12  stm32f10x_rcc.o(.text)
    RCC_RTCCLKCmd                            0x08000faf   Thumb Code     8  stm32f10x_rcc.o(.text)
    RCC_GetClocksFreq                        0x08000fb7   Thumb Code   192  stm32f10x_rcc.o(.text)
    RCC_AHBPeriphClockCmd                    0x08001077   Thumb Code    26  stm32f10x_rcc.o(.text)
    RCC_APB2PeriphClockCmd                   0x08001091   Thumb Code    26  stm32f10x_rcc.o(.text)
    RCC_APB1PeriphClockCmd                   0x080010ab   Thumb Code    26  stm32f10x_rcc.o(.text)
    RCC_APB2PeriphResetCmd                   0x080010c5   Thumb Code    26  stm32f10x_rcc.o(.text)
    RCC_APB1PeriphResetCmd                   0x080010df   Thumb Code    26  stm32f10x_rcc.o(.text)
    RCC_BackupResetCmd                       0x080010f9   Thumb Code     8  stm32f10x_rcc.o(.text)
    RCC_ClockSecuritySystemCmd               0x08001101   Thumb Code     6  stm32f10x_rcc.o(.text)
    RCC_MCOConfig                            0x08001107   Thumb Code     6  stm32f10x_rcc.o(.text)
    RCC_ClearFlag                            0x0800110d   Thumb Code    14  stm32f10x_rcc.o(.text)
    RCC_GetITStatus                          0x0800111b   Thumb Code    20  stm32f10x_rcc.o(.text)
    RCC_ClearITPendingBit                    0x0800112f   Thumb Code     6  stm32f10x_rcc.o(.text)
    TIM_DeInit                               0x08001159   Thumb Code   424  stm32f10x_tim.o(.text)
    TIM_TimeBaseInit                         0x08001301   Thumb Code   122  stm32f10x_tim.o(.text)
    TIM_OC1Init                              0x0800137b   Thumb Code   132  stm32f10x_tim.o(.text)
    TIM_OC2Init                              0x080013ff   Thumb Code   154  stm32f10x_tim.o(.text)
    TIM_OC3Init                              0x08001499   Thumb Code   150  stm32f10x_tim.o(.text)
    TIM_OC4Init                              0x0800152f   Thumb Code   182  stm32f10x_tim.o(.text)
    TIM_SetIC4Prescaler                      0x080015e5   Thumb Code    26  stm32f10x_tim.o(.text)
    TIM_SetIC3Prescaler                      0x08001681   Thumb Code    18  stm32f10x_tim.o(.text)
    TIM_SetIC2Prescaler                      0x0800170d   Thumb Code    26  stm32f10x_tim.o(.text)
    TIM_SetIC1Prescaler                      0x080017a9   Thumb Code    18  stm32f10x_tim.o(.text)
    TIM_ICInit                               0x08001827   Thumb Code   150  stm32f10x_tim.o(.text)
    TIM_PWMIConfig                           0x080018bd   Thumb Code   124  stm32f10x_tim.o(.text)
    TIM_BDTRConfig                           0x08001939   Thumb Code    32  stm32f10x_tim.o(.text)
    TIM_TimeBaseStructInit                   0x08001959   Thumb Code    18  stm32f10x_tim.o(.text)
    TIM_OCStructInit                         0x0800196b   Thumb Code    20  stm32f10x_tim.o(.text)
    TIM_ICStructInit                         0x0800197f   Thumb Code    18  stm32f10x_tim.o(.text)
    TIM_BDTRStructInit                       0x08001991   Thumb Code    40  stm32f10x_tim.o(.text)
    TIM_Cmd                                  0x080019b9   Thumb Code    24  stm32f10x_tim.o(.text)
    TIM_CtrlPWMOutputs                       0x080019d1   Thumb Code    30  stm32f10x_tim.o(.text)
    TIM_ITConfig                             0x080019ef   Thumb Code    18  stm32f10x_tim.o(.text)
    TIM_GenerateEvent                        0x08001a01   Thumb Code     4  stm32f10x_tim.o(.text)
    TIM_DMAConfig                            0x08001a05   Thumb Code    10  stm32f10x_tim.o(.text)
    TIM_DMACmd                               0x08001a0f   Thumb Code    18  stm32f10x_tim.o(.text)
    TIM_InternalClockConfig                  0x08001a21   Thumb Code    12  stm32f10x_tim.o(.text)
    TIM_SelectInputTrigger                   0x08001a2d   Thumb Code    18  stm32f10x_tim.o(.text)
    TIM_ITRxExternalClockConfig              0x08001a3f   Thumb Code    24  stm32f10x_tim.o(.text)
    TIM_TIxExternalClockConfig               0x08001a57   Thumb Code    62  stm32f10x_tim.o(.text)
    TIM_ETRConfig                            0x08001a95   Thumb Code    28  stm32f10x_tim.o(.text)
    TIM_ETRClockMode1Config                  0x08001ab1   Thumb Code    54  stm32f10x_tim.o(.text)
    TIM_ETRClockMode2Config                  0x08001ae7   Thumb Code    32  stm32f10x_tim.o(.text)
    TIM_PrescalerConfig                      0x08001b07   Thumb Code     6  stm32f10x_tim.o(.text)
    TIM_CounterModeConfig                    0x08001b0d   Thumb Code    18  stm32f10x_tim.o(.text)
    TIM_EncoderInterfaceConfig               0x08001b1f   Thumb Code    66  stm32f10x_tim.o(.text)
    TIM_ForcedOC1Config                      0x08001b61   Thumb Code    18  stm32f10x_tim.o(.text)
    TIM_ForcedOC2Config                      0x08001b73   Thumb Code    26  stm32f10x_tim.o(.text)
    TIM_ForcedOC3Config                      0x08001b8d   Thumb Code    18  stm32f10x_tim.o(.text)
    TIM_ForcedOC4Config                      0x08001b9f   Thumb Code    26  stm32f10x_tim.o(.text)
    TIM_ARRPreloadConfig                     0x08001bb9   Thumb Code    24  stm32f10x_tim.o(.text)
    TIM_SelectCOM                            0x08001bd1   Thumb Code    24  stm32f10x_tim.o(.text)
    TIM_SelectCCDMA                          0x08001be9   Thumb Code    24  stm32f10x_tim.o(.text)
    TIM_CCPreloadControl                     0x08001c01   Thumb Code    24  stm32f10x_tim.o(.text)
    TIM_OC1PreloadConfig                     0x08001c19   Thumb Code    18  stm32f10x_tim.o(.text)
    TIM_OC2PreloadConfig                     0x08001c2b   Thumb Code    26  stm32f10x_tim.o(.text)
    TIM_OC3PreloadConfig                     0x08001c45   Thumb Code    18  stm32f10x_tim.o(.text)
    TIM_OC4PreloadConfig                     0x08001c57   Thumb Code    26  stm32f10x_tim.o(.text)
    TIM_OC1FastConfig                        0x08001c71   Thumb Code    18  stm32f10x_tim.o(.text)
    TIM_OC2FastConfig                        0x08001c83   Thumb Code    26  stm32f10x_tim.o(.text)
    TIM_OC3FastConfig                        0x08001c9d   Thumb Code    18  stm32f10x_tim.o(.text)
    TIM_OC4FastConfig                        0x08001caf   Thumb Code    26  stm32f10x_tim.o(.text)
    TIM_ClearOC1Ref                          0x08001cc9   Thumb Code    18  stm32f10x_tim.o(.text)
    TIM_ClearOC2Ref                          0x08001cdb   Thumb Code    24  stm32f10x_tim.o(.text)
    TIM_ClearOC3Ref                          0x08001cf3   Thumb Code    18  stm32f10x_tim.o(.text)
    TIM_ClearOC4Ref                          0x08001d05   Thumb Code    24  stm32f10x_tim.o(.text)
    TIM_OC1PolarityConfig                    0x08001d1d   Thumb Code    18  stm32f10x_tim.o(.text)
    TIM_OC1NPolarityConfig                   0x08001d2f   Thumb Code    18  stm32f10x_tim.o(.text)
    TIM_OC2PolarityConfig                    0x08001d41   Thumb Code    26  stm32f10x_tim.o(.text)
    TIM_OC2NPolarityConfig                   0x08001d5b   Thumb Code    26  stm32f10x_tim.o(.text)
    TIM_OC3PolarityConfig                    0x08001d75   Thumb Code    26  stm32f10x_tim.o(.text)
    TIM_OC3NPolarityConfig                   0x08001d8f   Thumb Code    26  stm32f10x_tim.o(.text)
    TIM_OC4PolarityConfig                    0x08001da9   Thumb Code    26  stm32f10x_tim.o(.text)
    TIM_CCxCmd                               0x08001dc3   Thumb Code    30  stm32f10x_tim.o(.text)
    TIM_CCxNCmd                              0x08001de1   Thumb Code    30  stm32f10x_tim.o(.text)
    TIM_SelectOCxM                           0x08001dff   Thumb Code    82  stm32f10x_tim.o(.text)
    TIM_UpdateDisableConfig                  0x08001e51   Thumb Code    24  stm32f10x_tim.o(.text)
    TIM_UpdateRequestConfig                  0x08001e69   Thumb Code    24  stm32f10x_tim.o(.text)
    TIM_SelectHallSensor                     0x08001e81   Thumb Code    24  stm32f10x_tim.o(.text)
    TIM_SelectOnePulseMode                   0x08001e99   Thumb Code    18  stm32f10x_tim.o(.text)
    TIM_SelectOutputTrigger                  0x08001eab   Thumb Code    18  stm32f10x_tim.o(.text)
    TIM_SelectSlaveMode                      0x08001ebd   Thumb Code    18  stm32f10x_tim.o(.text)
    TIM_SelectMasterSlaveMode                0x08001ecf   Thumb Code    18  stm32f10x_tim.o(.text)
    TIM_SetCounter                           0x08001ee1   Thumb Code     4  stm32f10x_tim.o(.text)
    TIM_SetAutoreload                        0x08001ee5   Thumb Code     4  stm32f10x_tim.o(.text)
    TIM_SetCompare1                          0x08001ee9   Thumb Code     4  stm32f10x_tim.o(.text)
    TIM_SetCompare2                          0x08001eed   Thumb Code     4  stm32f10x_tim.o(.text)
    TIM_SetCompare3                          0x08001ef1   Thumb Code     4  stm32f10x_tim.o(.text)
    TIM_SetCompare4                          0x08001ef5   Thumb Code     6  stm32f10x_tim.o(.text)
    TIM_SetClockDivision                     0x08001efb   Thumb Code    18  stm32f10x_tim.o(.text)
    TIM_GetCapture1                          0x08001f0d   Thumb Code     6  stm32f10x_tim.o(.text)
    TIM_GetCapture2                          0x08001f13   Thumb Code     6  stm32f10x_tim.o(.text)
    TIM_GetCapture3                          0x08001f19   Thumb Code     6  stm32f10x_tim.o(.text)
    TIM_GetCapture4                          0x08001f1f   Thumb Code     8  stm32f10x_tim.o(.text)
    TIM_GetCounter                           0x08001f27   Thumb Code     6  stm32f10x_tim.o(.text)
    TIM_GetPrescaler                         0x08001f2d   Thumb Code     6  stm32f10x_tim.o(.text)
    TIM_GetFlagStatus                        0x08001f33   Thumb Code    18  stm32f10x_tim.o(.text)
    TIM_ClearFlag                            0x08001f45   Thumb Code     6  stm32f10x_tim.o(.text)
    TIM_GetITStatus                          0x08001f4b   Thumb Code    34  stm32f10x_tim.o(.text)
    TIM_ClearITPendingBit                    0x08001f6d   Thumb Code     6  stm32f10x_tim.o(.text)
    USART_DeInit                             0x08001f75   Thumb Code   134  stm32f10x_usart.o(.text)
    USART_Init                               0x08001ffb   Thumb Code   210  stm32f10x_usart.o(.text)
    USART_StructInit                         0x080020cd   Thumb Code    24  stm32f10x_usart.o(.text)
    USART_ClockInit                          0x080020e5   Thumb Code    34  stm32f10x_usart.o(.text)
    USART_ClockStructInit                    0x08002107   Thumb Code    12  stm32f10x_usart.o(.text)
    USART_Cmd                                0x08002113   Thumb Code    24  stm32f10x_usart.o(.text)
    USART_ITConfig                           0x0800212b   Thumb Code    74  stm32f10x_usart.o(.text)
    USART_DMACmd                             0x08002175   Thumb Code    18  stm32f10x_usart.o(.text)
    USART_SetAddress                         0x08002187   Thumb Code    18  stm32f10x_usart.o(.text)
    USART_WakeUpConfig                       0x08002199   Thumb Code    18  stm32f10x_usart.o(.text)
    USART_ReceiverWakeUpCmd                  0x080021ab   Thumb Code    24  stm32f10x_usart.o(.text)
    USART_LINBreakDetectLengthConfig         0x080021c3   Thumb Code    18  stm32f10x_usart.o(.text)
    USART_LINCmd                             0x080021d5   Thumb Code    24  stm32f10x_usart.o(.text)
    USART_SendData                           0x080021ed   Thumb Code     8  stm32f10x_usart.o(.text)
    USART_ReceiveData                        0x080021f5   Thumb Code    10  stm32f10x_usart.o(.text)
    USART_SendBreak                          0x080021ff   Thumb Code    10  stm32f10x_usart.o(.text)
    USART_SetGuardTime                       0x08002209   Thumb Code    16  stm32f10x_usart.o(.text)
    USART_SetPrescaler                       0x08002219   Thumb Code    16  stm32f10x_usart.o(.text)
    USART_SmartCardCmd                       0x08002229   Thumb Code    24  stm32f10x_usart.o(.text)
    USART_SmartCardNACKCmd                   0x08002241   Thumb Code    24  stm32f10x_usart.o(.text)
    USART_HalfDuplexCmd                      0x08002259   Thumb Code    24  stm32f10x_usart.o(.text)
    USART_OverSampling8Cmd                   0x08002271   Thumb Code    22  stm32f10x_usart.o(.text)
    USART_OneBitMethodCmd                    0x08002287   Thumb Code    24  stm32f10x_usart.o(.text)
    USART_IrDAConfig                         0x0800229f   Thumb Code    18  stm32f10x_usart.o(.text)
    USART_IrDACmd                            0x080022b1   Thumb Code    24  stm32f10x_usart.o(.text)
    USART_GetFlagStatus                      0x080022c9   Thumb Code    26  stm32f10x_usart.o(.text)
    USART_ClearFlag                          0x080022e3   Thumb Code    18  stm32f10x_usart.o(.text)
    USART_GetITStatus                        0x080022f5   Thumb Code    84  stm32f10x_usart.o(.text)
    USART_ClearITPendingBit                  0x08002349   Thumb Code    52  stm32f10x_usart.o(.text)
    KEY_Init                                 0x080024d5   Thumb Code    88  hal_key.o(.text)
    Key_Scan                                 0x0800256f   Thumb Code   328  hal_key.o(.text)
    RGB_LED_Init                             0x080026d9   Thumb Code    84  hal_rgb.o(.text)
    LED_Control                              0x0800272d   Thumb Code    92  hal_rgb.o(.text)
    LED_RGB_Control                          0x08002789   Thumb Code   132  hal_rgb.o(.text)
    RGB_Value_Set                            0x0800280d   Thumb Code   160  hal_rgb.o(.text)
    RGB_Power_Control                        0x080028ad   Thumb Code   150  hal_rgb.o(.text)
    hex_to_bcd                               0x0800295d   Thumb Code   108  mcu_api.o(.text)
    my_strlen                                0x080029c9   Thumb Code    28  mcu_api.o(.text)
    my_memset                                0x080029e5   Thumb Code    34  mcu_api.o(.text)
    my_memcpy                                0x08002a07   Thumb Code    68  mcu_api.o(.text)
    my_strcpy                                0x08002a4b   Thumb Code    24  mcu_api.o(.text)
    my_strcmp                                0x08002a63   Thumb Code    32  mcu_api.o(.text)
    int_to_byte                              0x08002a83   Thumb Code    16  mcu_api.o(.text)
    byte_to_int                              0x08002a93   Thumb Code    26  mcu_api.o(.text)
    mcu_dp_raw_update                        0x08002aad   Thumb Code   112  mcu_api.o(.text)
    mcu_dp_bool_update                       0x08002b1d   Thumb Code    96  mcu_api.o(.text)
    mcu_dp_value_update                      0x08002b7d   Thumb Code   116  mcu_api.o(.text)
    mcu_dp_string_update                     0x08002bf1   Thumb Code   112  mcu_api.o(.text)
    mcu_dp_enum_update                       0x08002c61   Thumb Code    82  mcu_api.o(.text)
    mcu_dp_fault_update                      0x08002cb3   Thumb Code   194  mcu_api.o(.text)
    mcu_get_dp_download_bool                 0x08002d75   Thumb Code     6  mcu_api.o(.text)
    mcu_get_dp_download_enum                 0x08002d7b   Thumb Code     6  mcu_api.o(.text)
    mcu_get_dp_download_value                0x08002d81   Thumb Code    14  mcu_api.o(.text)
    uart_receive_input                       0x08002d8f   Thumb Code    74  mcu_api.o(.text)
    wifi_uart_service                        0x08002dd9   Thumb Code   332  mcu_api.o(.text)
    wifi_protocol_init                       0x08002f25   Thumb Code    18  mcu_api.o(.text)
    mcu_get_reset_wifi_flag                  0x08002f37   Thumb Code     6  mcu_api.o(.text)
    mcu_reset_wifi                           0x08002f3d   Thumb Code    20  mcu_api.o(.text)
    mcu_get_wifimode_flag                    0x08002f51   Thumb Code     6  mcu_api.o(.text)
    mcu_set_wifi_mode                        0x08002f57   Thumb Code    34  mcu_api.o(.text)
    mcu_get_wifi_work_state                  0x08002f79   Thumb Code     6  mcu_api.o(.text)
    mcu_start_wifitest                       0x08002f7f   Thumb Code    14  mcu_api.o(.text)
    uart_transmit_output                     0x08002fad   Thumb Code    12  protocol.o(.text)
    all_data_update                          0x08002fb9   Thumb Code    76  protocol.o(.text)
    dp_download_handle                       0x08003131   Thumb Code   138  protocol.o(.text)
    get_download_cmd_total                   0x080031bb   Thumb Code     4  protocol.o(.text)
    wifi_test_result                         0x080031bf   Thumb Code     8  protocol.o(.text)
    set_wifi_uart_byte                       0x080031c9   Thumb Code    12  system.o(.text)
    set_wifi_uart_buffer                     0x080031d5   Thumb Code    34  system.o(.text)
    get_check_sum                            0x080031f7   Thumb Code    28  system.o(.text)
    wifi_uart_write_frame                    0x08003237   Thumb Code    76  system.o(.text)
    data_handle                              0x080033d7   Thumb Code   210  system.o(.text)
    with_data_rxbuff                         0x080034a9   Thumb Code    20  system.o(.text)
    take_byte_rxbuff                         0x080034bd   Thumb Code    46  system.o(.text)
    Reset                                    0x08003551   Thumb Code    30  main.o(.text)
    NVIC_Configuration                       0x0800356f   Thumb Code    22  main.o(.text)
    RCC_Configuration                        0x08003585   Thumb Code    28  main.o(.text)
    Bsp_Init                                 0x080035a1   Thumb Code    42  main.o(.text)
    wifi_work_state_led                      0x080035cb   Thumb Code   122  main.o(.text)
    main                                     0x08003645   Thumb Code    88  main.o(.text)
    NMI_Handler                              0x080036b1   Thumb Code     2  stm32f10x_it.o(.text)
    HardFault_Handler                        0x080036b3   Thumb Code     4  stm32f10x_it.o(.text)
    MemManage_Handler                        0x080036b7   Thumb Code     4  stm32f10x_it.o(.text)
    BusFault_Handler                         0x080036bb   Thumb Code     4  stm32f10x_it.o(.text)
    UsageFault_Handler                       0x080036bf   Thumb Code     4  stm32f10x_it.o(.text)
    SVC_Handler                              0x080036c3   Thumb Code     2  stm32f10x_it.o(.text)
    DebugMon_Handler                         0x080036c5   Thumb Code     2  stm32f10x_it.o(.text)
    PendSV_Handler                           0x080036c7   Thumb Code     2  stm32f10x_it.o(.text)
    SysTick_Handler                          0x080036c9   Thumb Code     2  stm32f10x_it.o(.text)
    Write_Flash                              0x08003781   Thumb Code    60  user_flash.o(.text)
    Earse_Flash                              0x080037bd   Thumb Code    34  user_flash.o(.text)
    Read_Flash                               0x080037df   Thumb Code    72  user_flash.o(.text)
    TIM2_IRQHandler                          0x08003829   Thumb Code    36  user_timer.o(.text)
    Get_Count_Value                          0x0800384d   Thumb Code     6  user_timer.o(.text)
    TIM2_Count_Init                          0x08003853   Thumb Code   116  user_timer.o(.text)
    TIM3_IRQHandler                          0x080038c7   Thumb Code    70  user_timer.o(.text)
    Get_Time3_Value                          0x0800390d   Thumb Code     6  user_timer.o(.text)
    TIM3_Count_Init                          0x08003913   Thumb Code   114  user_timer.o(.text)
    USART1_Init                              0x08003995   Thumb Code   196  user_uart.o(.text)
    USART3_Init                              0x08003a59   Thumb Code   196  user_uart.o(.text)
    USART1_IRQHandler                        0x08003b1d   Thumb Code    24  user_uart.o(.text)
    USART3_IRQHandler                        0x08003b35   Thumb Code    30  user_uart.o(.text)
    Uart_PutChar                             0x08003b53   Thumb Code    28  user_uart.o(.text)
    __2printf                                0x08003b81   Thumb Code    20  noretval__2printf.o(.text)
    __printf                                 0x08003b99   Thumb Code   104  __printf.o(.text)
    _printf_int_hex                          0x08003c01   Thumb Code    84  _printf_hex_int.o(.text)
    _printf_longlong_hex                     0x08003c01   Thumb Code     0  _printf_hex_int.o(.text)
    __aeabi_memclr4                          0x08003c59   Thumb Code     0  rt_memclr_w.o(.text)
    __aeabi_memclr8                          0x08003c59   Thumb Code     0  rt_memclr_w.o(.text)
    __rt_memclr_w                            0x08003c59   Thumb Code    78  rt_memclr_w.o(.text)
    _memset_w                                0x08003c5d   Thumb Code     0  rt_memclr_w.o(.text)
    __use_two_region_memory                  0x08003ca7   Thumb Code     2  heapauxi.o(.text)
    __rt_heap_escrow                         0x08003ca9   Thumb Code     2  heapauxi.o(.text)
    __rt_heap_expand                         0x08003cab   Thumb Code     2  heapauxi.o(.text)
    _printf_int_common                       0x08003cad   Thumb Code   178  _printf_intcommon.o(.text)
    _printf_char_file                        0x08003d61   Thumb Code    32  _printf_char_file.o(.text)
    _printf_char_common                      0x08003d8f   Thumb Code    32  _printf_char_common.o(.text)
    ferror                                   0x08003db5   Thumb Code     8  ferror.o(.text)
    _initio                                  0x08003dbd   Thumb Code   210  initio.o(.text)
    _terminateio                             0x08003e8f   Thumb Code    56  initio.o(.text)
    _sys_open                                0x08003ef5   Thumb Code    20  sys_io.o(.text)
    _sys_close                               0x08003f09   Thumb Code    12  sys_io.o(.text)
    _sys_write                               0x08003f15   Thumb Code    16  sys_io.o(.text)
    _sys_read                                0x08003f25   Thumb Code    14  sys_io.o(.text)
    _sys_istty                               0x08003f33   Thumb Code    12  sys_io.o(.text)
    _sys_seek                                0x08003f3f   Thumb Code    14  sys_io.o(.text)
    _sys_ensure                              0x08003f4d   Thumb Code     2  sys_io.o(.text)
    _sys_flen                                0x08003f4f   Thumb Code    12  sys_io.o(.text)
    __user_setup_stackheap                   0x08003f5b   Thumb Code    74  sys_stackheap_outer.o(.text)
    free                                     0x08003fa5   Thumb Code    78  h1_free.o(.text)
    __flsbuf                                 0x08003ff3   Thumb Code   470  flsbuf.o(.text)
    __flsbuf_byte                            0x08003ff3   Thumb Code     0  flsbuf.o(.text)
    __flsbuf_wide                            0x08003ff3   Thumb Code     0  flsbuf.o(.text)
    setvbuf                                  0x080041c9   Thumb Code    70  setvbuf.o(.text)
    freopen                                  0x08004211   Thumb Code   158  fopen.o(.text)
    fopen                                    0x080042af   Thumb Code    74  fopen.o(.text)
    _fclose_internal                         0x080042fd   Thumb Code    76  fclose.o(.text)
    fclose                                   0x080042fd   Thumb Code     0  fclose.o(.text)
    exit                                     0x08004349   Thumb Code    18  exit.o(.text)
    __rt_SIGRTRED                            0x0800435b   Thumb Code    14  defsig_rtred_outer.o(.text)
    __user_libspace                          0x08004369   Thumb Code     8  libspace.o(.text)
    __user_perproc_libspace                  0x08004369   Thumb Code     0  libspace.o(.text)
    __user_perthread_libspace                0x08004369   Thumb Code     0  libspace.o(.text)
    __I$use$semihosting                      0x08004371   Thumb Code     0  use_no_semi.o(.text)
    __use_no_semihosting_swi                 0x08004371   Thumb Code     2  use_no_semi.o(.text)
    __semihosting_library_function           0x08004373   Thumb Code     0  indicate_semi.o(.text)
    __rt_heap_descriptor                     0x08004375   Thumb Code     8  rt_heap_descriptor_intlibspace.o(.text)
    __use_no_heap                            0x0800437d   Thumb Code     2  hguard.o(.text)
    __heap$guard                             0x0800437f   Thumb Code     2  hguard.o(.text)
    _terminate_user_alloc                    0x08004381   Thumb Code     2  init_alloc.o(.text)
    _init_user_alloc                         0x08004383   Thumb Code     2  init_alloc.o(.text)
    __Heap_Full                              0x08004385   Thumb Code    34  init_alloc.o(.text)
    __Heap_Broken                            0x080043a7   Thumb Code     6  init_alloc.o(.text)
    _init_alloc                              0x080043ad   Thumb Code    94  init_alloc.o(.text)
    malloc                                   0x0800440b   Thumb Code    94  h1_alloc.o(.text)
    _fseek                                   0x08004469   Thumb Code   242  fseek.o(.text)
    fseek                                    0x08004469   Thumb Code     0  fseek.o(.text)
    _seterr                                  0x08004561   Thumb Code    20  stdio.o(.text)
    _writebuf                                0x08004575   Thumb Code    84  stdio.o(.text)
    _fflush                                  0x080045c9   Thumb Code    70  stdio.o(.text)
    _deferredlazyseek                        0x0800460f   Thumb Code    60  stdio.o(.text)
    __sig_exit                               0x08004651   Thumb Code    10  defsig_exit.o(.text)
    __rt_SIGRTRED_inner                      0x0800465d   Thumb Code    14  defsig_rtred_inner.o(.text)
    strlen                                   0x08004691   Thumb Code    62  strlen.o(.text)
    _sys_exit                                0x080046d1   Thumb Code     8  sys_exit.o(.text)
    __Heap_Initialize                        0x080046dd   Thumb Code    10  h1_init.o(.text)
    __Heap_DescSize                          0x080046e7   Thumb Code     4  h1_init.o(.text)
    __Heap_ProvideMemory                     0x080046eb   Thumb Code    52  h1_extend.o(.text)
    _ftell_internal                          0x0800471f   Thumb Code    66  ftell.o(.text)
    ftell                                    0x0800471f   Thumb Code     0  ftell.o(.text)
    __default_signal_display                 0x08004761   Thumb Code    50  defsig_general.o(.text)
    __rt_SIGRTMEM                            0x08004793   Thumb Code    14  defsig_rtmem_outer.o(.text)
    _ttywrch                                 0x080047a1   Thumb Code    14  sys_wrch.o(.text)
    __aeabi_errno_addr                       0x080047b1   Thumb Code     8  rt_errno_addr_intlibspace.o(.text)
    __errno$intlibspace                      0x080047b1   Thumb Code     0  rt_errno_addr_intlibspace.o(.text)
    __rt_errno_addr$intlibspace              0x080047b1   Thumb Code     0  rt_errno_addr_intlibspace.o(.text)
    __rt_SIGRTMEM_inner                      0x080047b9   Thumb Code    22  defsig_rtmem_inner.o(.text)
    fputc                                    0x08004809   Thumb Code    26  fputc.o(i.fputc)
    download_cmd                             0x08004822   Data          16  protocol.o(.constdata)
    __stdin_name                             0x0800485a   Data           4  sys_io.o(.constdata)
    __stdout_name                            0x0800485e   Data           4  sys_io.o(.constdata)
    __stderr_name                            0x08004862   Data           4  sys_io.o(.constdata)
    Region$$Table$$Base                      0x08004868   Number         0  anon$$obj.o(Region$$Table)
    Region$$Table$$Limit                     0x08004888   Number         0  anon$$obj.o(Region$$Table)
    SystemCoreClock                          0x20000000   Data           4  system_stm32f10x.o(.data)
    AHBPrescTable                            0x20000004   Data          16  system_stm32f10x.o(.data)
    wifi_test_mode                           0x20000028   Data           1  hal_key.o(.data)
    light_r                                  0x20000029   Data           1  hal_rgb.o(.data)
    light_g                                  0x2000002a   Data           1  hal_rgb.o(.data)
    light_b                                  0x2000002b   Data           1  hal_rgb.o(.data)
    rx_buf_in                                0x20000030   Data           4  system.o(.data)
    rx_buf_out                               0x20000034   Data           4  system.o(.data)
    stop_update_flag                         0x20000038   Data           1  system.o(.data)
    reset_wifi_flag                          0x20000039   Data           1  system.o(.data)
    set_wifimode_flag                        0x2000003a   Data           1  system.o(.data)
    wifi_work_state                          0x2000003b   Data           1  system.o(.data)
    Timer2_Value                             0x20000040   Data           4  user_timer.o(.data)
    Timer_Count_Value                        0x20000044   Data           4  user_timer.o(.data)
    Timer4_Value                             0x2000004c   Data           1  user_timer.o(.data)
    __aeabi_stdin                            0x20000050   Data           4  stdio_streams.o(.data)
    __aeabi_stdout                           0x20000054   Data           4  stdio_streams.o(.data)
    __aeabi_stderr                           0x20000058   Data           4  stdio_streams.o(.data)
    wifi_data_process_buf                    0x2000007c   Data          31  system.o(.bss)
    wifi_uart_rx_buf                         0x2000009b   Data          23  system.o(.bss)
    wifi_uart_tx_buf                         0x200000b2   Data          55  system.o(.bss)
    FlashBuffer                              0x200000ec   Data          36  main.o(.bss)
    __stdin                                  0x20000110   Data          84  stdio_streams.o(.bss)
    __stdout                                 0x20000164   Data          84  stdio_streams.o(.bss)
    __stderr                                 0x200001b8   Data          84  stdio_streams.o(.bss)
    __libspace_start                         0x2000020c   Data          96  libspace.o(.bss)
    __temporary_stack_top$libspace           0x2000026c   Data           0  libspace.o(.bss)



==============================================================================

Memory Map of the image

  Image Entry point : 0x080000ed

  Load Region LR_IROM1 (Base: 0x08000000, Size: 0x000048e4, Max: 0x00010000, ABSOLUTE)

    Execution Region ER_IROM1 (Base: 0x08000000, Size: 0x00004888, Max: 0x00010000, ABSOLUTE)

    Base Addr    Size         Type   Attr      Idx    E Section Name        Object

    0x08000000   0x000000ec   Data   RO          105    RESET               startup_stm32f10x_md.o
    0x080000ec   0x00000008   Code   RO          477  * !!!main             c_w.l(__main.o)
    0x080000f4   0x00000034   Code   RO          826    !!!scatter          c_w.l(__scatter.o)
    0x08000128   0x0000001a   Code   RO          828    !!handler_copy      c_w.l(__scatter_copy.o)
    0x08000142   0x00000002   PAD
    0x08000144   0x0000001c   Code   RO          830    !!handler_zi        c_w.l(__scatter_zi.o)
    0x08000160   0x00000000   Code   RO          472    .ARM.Collect$$_printf_percent$$00000000  c_w.l(_printf_percent.o)
    0x08000160   0x00000006   Code   RO          471    .ARM.Collect$$_printf_percent$$0000000C  c_w.l(_printf_x.o)
    0x08000166   0x00000004   Code   RO          484    .ARM.Collect$$_printf_percent$$00000017  c_w.l(_printf_percent_end.o)
    0x0800016a   0x00000002   Code   RO          613    .ARM.Collect$$libinit$$00000000  c_w.l(libinit.o)
    0x0800016c   0x00000000   Code   RO          615    .ARM.Collect$$libinit$$00000002  c_w.l(libinit2.o)
    0x0800016c   0x00000000   Code   RO          617    .ARM.Collect$$libinit$$00000004  c_w.l(libinit2.o)
    0x0800016c   0x00000008   Code   RO          618    .ARM.Collect$$libinit$$00000005  c_w.l(libinit2.o)
    0x08000174   0x00000000   Code   RO          620    .ARM.Collect$$libinit$$0000000A  c_w.l(libinit2.o)
    0x08000174   0x00000000   Code   RO          622    .ARM.Collect$$libinit$$0000000C  c_w.l(libinit2.o)
    0x08000174   0x00000000   Code   RO          624    .ARM.Collect$$libinit$$0000000E  c_w.l(libinit2.o)
    0x08000174   0x00000000   Code   RO          627    .ARM.Collect$$libinit$$00000011  c_w.l(libinit2.o)
    0x08000174   0x00000000   Code   RO          629    .ARM.Collect$$libinit$$00000013  c_w.l(libinit2.o)
    0x08000174   0x00000000   Code   RO          631    .ARM.Collect$$libinit$$00000015  c_w.l(libinit2.o)
    0x08000174   0x00000000   Code   RO          633    .ARM.Collect$$libinit$$00000017  c_w.l(libinit2.o)
    0x08000174   0x00000000   Code   RO          635    .ARM.Collect$$libinit$$00000019  c_w.l(libinit2.o)
    0x08000174   0x00000000   Code   RO          637    .ARM.Collect$$libinit$$0000001B  c_w.l(libinit2.o)
    0x08000174   0x00000000   Code   RO          639    .ARM.Collect$$libinit$$0000001D  c_w.l(libinit2.o)
    0x08000174   0x00000000   Code   RO          641    .ARM.Collect$$libinit$$0000001F  c_w.l(libinit2.o)
    0x08000174   0x00000000   Code   RO          643    .ARM.Collect$$libinit$$00000021  c_w.l(libinit2.o)
    0x08000174   0x00000000   Code   RO          645    .ARM.Collect$$libinit$$00000023  c_w.l(libinit2.o)
    0x08000174   0x00000004   Code   RO          646    .ARM.Collect$$libinit$$00000024  c_w.l(libinit2.o)
    0x08000178   0x00000000   Code   RO          647    .ARM.Collect$$libinit$$00000025  c_w.l(libinit2.o)
    0x08000178   0x00000000   Code   RO          651    .ARM.Collect$$libinit$$0000002C  c_w.l(libinit2.o)
    0x08000178   0x00000000   Code   RO          653    .ARM.Collect$$libinit$$0000002E  c_w.l(libinit2.o)
    0x08000178   0x00000000   Code   RO          655    .ARM.Collect$$libinit$$00000030  c_w.l(libinit2.o)
    0x08000178   0x00000000   Code   RO          657    .ARM.Collect$$libinit$$00000032  c_w.l(libinit2.o)
    0x08000178   0x00000002   Code   RO          658    .ARM.Collect$$libinit$$00000033  c_w.l(libinit2.o)
    0x0800017a   0x00000002   Code   RO          805    .ARM.Collect$$libshutdown$$00000000  c_w.l(libshutdown.o)
    0x0800017c   0x00000000   Code   RO          660    .ARM.Collect$$libshutdown$$00000002  c_w.l(libshutdown2.o)
    0x0800017c   0x00000004   Code   RO          661    .ARM.Collect$$libshutdown$$00000003  c_w.l(libshutdown2.o)
    0x08000180   0x00000000   Code   RO          662    .ARM.Collect$$libshutdown$$00000004  c_w.l(libshutdown2.o)
    0x08000180   0x00000000   Code   RO          665    .ARM.Collect$$libshutdown$$00000007  c_w.l(libshutdown2.o)
    0x08000180   0x00000000   Code   RO          668    .ARM.Collect$$libshutdown$$0000000A  c_w.l(libshutdown2.o)
    0x08000180   0x00000000   Code   RO          670    .ARM.Collect$$libshutdown$$0000000C  c_w.l(libshutdown2.o)
    0x08000180   0x00000000   Code   RO          673    .ARM.Collect$$libshutdown$$0000000F  c_w.l(libshutdown2.o)
    0x08000180   0x00000002   Code   RO          674    .ARM.Collect$$libshutdown$$00000010  c_w.l(libshutdown2.o)
    0x08000182   0x00000000   Code   RO          479    .ARM.Collect$$rtentry$$00000000  c_w.l(__rtentry.o)
    0x08000182   0x00000000   Code   RO          492    .ARM.Collect$$rtentry$$00000002  c_w.l(__rtentry2.o)
    0x08000182   0x00000006   Code   RO          504    .ARM.Collect$$rtentry$$00000004  c_w.l(__rtentry4.o)
    0x08000188   0x00000000   Code   RO          494    .ARM.Collect$$rtentry$$00000009  c_w.l(__rtentry2.o)
    0x08000188   0x00000004   Code   RO          495    .ARM.Collect$$rtentry$$0000000A  c_w.l(__rtentry2.o)
    0x0800018c   0x00000000   Code   RO          497    .ARM.Collect$$rtentry$$0000000C  c_w.l(__rtentry2.o)
    0x0800018c   0x00000008   Code   RO          498    .ARM.Collect$$rtentry$$0000000D  c_w.l(__rtentry2.o)
    0x08000194   0x00000002   Code   RO          683    .ARM.Collect$$rtexit$$00000000  c_w.l(rtexit.o)
    0x08000196   0x00000000   Code   RO          741    .ARM.Collect$$rtexit$$00000002  c_w.l(rtexit2.o)
    0x08000196   0x00000004   Code   RO          742    .ARM.Collect$$rtexit$$00000003  c_w.l(rtexit2.o)
    0x0800019a   0x00000006   Code   RO          743    .ARM.Collect$$rtexit$$00000004  c_w.l(rtexit2.o)
    0x080001a0   0x00000000   Code   RO          747    .emb_text           c_w.l(maybetermalloc1.o)
    0x080001a0   0x000001e0   Code   RO            1    .text               system_stm32f10x.o
    0x08000380   0x00000040   Code   RO          106    .text               startup_stm32f10x_md.o
    0x080003c0   0x000000dc   Code   RO          121    .text               misc.o
    0x0800049c   0x000005bc   Code   RO          149    .text               stm32f10x_flash.o
    0x08000a58   0x0000035c   Code   RO          161    .text               stm32f10x_gpio.o
    0x08000db4   0x000003a4   Code   RO          173    .text               stm32f10x_rcc.o
    0x08001158   0x00000e1a   Code   RO          187    .text               stm32f10x_tim.o
    0x08001f72   0x00000002   PAD
    0x08001f74   0x00000408   Code   RO          199    .text               stm32f10x_usart.o
    0x0800237c   0x0000035c   Code   RO          211    .text               hal_key.o
    0x080026d8   0x00000284   Code   RO          277    .text               hal_rgb.o
    0x0800295c   0x00000650   Code   RO          293    .text               mcu_api.o
    0x08002fac   0x0000021a   Code   RO          309    .text               protocol.o
    0x080031c6   0x00000002   PAD
    0x080031c8   0x00000388   Code   RO          324    .text               system.o
    0x08003550   0x00000160   Code   RO          344    .text               main.o
    0x080036b0   0x0000001a   Code   RO          364    .text               stm32f10x_it.o
    0x080036ca   0x0000015c   Code   RO          379    .text               user_flash.o
    0x08003826   0x00000002   PAD
    0x08003828   0x0000016c   Code   RO          391    .text               user_timer.o
    0x08003994   0x000001ec   Code   RO          406    .text               user_uart.o
    0x08003b80   0x00000018   Code   RO          426    .text               c_w.l(noretval__2printf.o)
    0x08003b98   0x00000068   Code   RO          428    .text               c_w.l(__printf.o)
    0x08003c00   0x00000058   Code   RO          433    .text               c_w.l(_printf_hex_int.o)
    0x08003c58   0x0000004e   Code   RO          473    .text               c_w.l(rt_memclr_w.o)
    0x08003ca6   0x00000006   Code   RO          475    .text               c_w.l(heapauxi.o)
    0x08003cac   0x000000b2   Code   RO          480    .text               c_w.l(_printf_intcommon.o)
    0x08003d5e   0x00000002   PAD
    0x08003d60   0x00000024   Code   RO          482    .text               c_w.l(_printf_char_file.o)
    0x08003d84   0x00000030   Code   RO          506    .text               c_w.l(_printf_char_common.o)
    0x08003db4   0x00000008   Code   RO          508    .text               c_w.l(ferror.o)
    0x08003dbc   0x00000138   Code   RO          514    .text               c_w.l(initio.o)
    0x08003ef4   0x00000066   Code   RO          522    .text               c_w.l(sys_io.o)
    0x08003f5a   0x0000004a   Code   RO          529    .text               c_w.l(sys_stackheap_outer.o)
    0x08003fa4   0x0000004e   Code   RO          533    .text               c_w.l(h1_free.o)
    0x08003ff2   0x000001d6   Code   RO          589    .text               c_w.l(flsbuf.o)
    0x080041c8   0x00000046   Code   RO          591    .text               c_w.l(setvbuf.o)
    0x0800420e   0x00000002   PAD
    0x08004210   0x000000ec   Code   RO          594    .text               c_w.l(fopen.o)
    0x080042fc   0x0000004c   Code   RO          596    .text               c_w.l(fclose.o)
    0x08004348   0x00000012   Code   RO          602    .text               c_w.l(exit.o)
    0x0800435a   0x0000000e   Code   RO          604    .text               c_w.l(defsig_rtred_outer.o)
    0x08004368   0x00000008   Code   RO          677    .text               c_w.l(libspace.o)
    0x08004370   0x00000002   Code   RO          680    .text               c_w.l(use_no_semi.o)
    0x08004372   0x00000000   Code   RO          682    .text               c_w.l(indicate_semi.o)
    0x08004372   0x00000002   PAD
    0x08004374   0x00000008   Code   RO          690    .text               c_w.l(rt_heap_descriptor_intlibspace.o)
    0x0800437c   0x00000004   Code   RO          692    .text               c_w.l(hguard.o)
    0x08004380   0x0000008a   Code   RO          694    .text               c_w.l(init_alloc.o)
    0x0800440a   0x0000005e   Code   RO          700    .text               c_w.l(h1_alloc.o)
    0x08004468   0x000000f8   Code   RO          716    .text               c_w.l(fseek.o)
    0x08004560   0x000000f0   Code   RO          718    .text               c_w.l(stdio.o)
    0x08004650   0x0000000a   Code   RO          724    .text               c_w.l(defsig_exit.o)
    0x0800465a   0x00000002   PAD
    0x0800465c   0x00000034   Code   RO          726    .text               c_w.l(defsig_rtred_inner.o)
    0x08004690   0x0000003e   Code   RO          730    .text               c_w.l(strlen.o)
    0x080046ce   0x00000002   PAD
    0x080046d0   0x0000000c   Code   RO          738    .text               c_w.l(sys_exit.o)
    0x080046dc   0x0000000e   Code   RO          749    .text               c_w.l(h1_init.o)
    0x080046ea   0x00000034   Code   RO          751    .text               c_w.l(h1_extend.o)
    0x0800471e   0x00000042   Code   RO          761    .text               c_w.l(ftell.o)
    0x08004760   0x00000032   Code   RO          769    .text               c_w.l(defsig_general.o)
    0x08004792   0x0000000e   Code   RO          771    .text               c_w.l(defsig_rtmem_outer.o)
    0x080047a0   0x0000000e   Code   RO          786    .text               c_w.l(sys_wrch.o)
    0x080047ae   0x00000002   PAD
    0x080047b0   0x00000008   Code   RO          793    .text               c_w.l(rt_errno_addr_intlibspace.o)
    0x080047b8   0x00000050   Code   RO          799    .text               c_w.l(defsig_rtmem_inner.o)
    0x08004808   0x0000001a   Code   RO          511    i.fputc             c_w.l(fputc.o)
    0x08004822   0x00000010   Data   RO          310    .constdata          protocol.o
    0x08004832   0x00000028   Data   RO          434    .constdata          c_w.l(_printf_hex_int.o)
    0x0800485a   0x00000004   Data   RO          523    .constdata          c_w.l(sys_io.o)
    0x0800485e   0x00000004   Data   RO          524    .constdata          c_w.l(sys_io.o)
    0x08004862   0x00000004   Data   RO          525    .constdata          c_w.l(sys_io.o)
    0x08004866   0x00000002   PAD
    0x08004868   0x00000020   Data   RO          824    Region$$Table       anon$$obj.o


    Execution Region RW_IRAM1 (Base: 0x20000000, Size: 0x00000870, Max: 0x00005000, ABSOLUTE)

    Base Addr    Size         Type   Attr      Idx    E Section Name        Object

    0x20000000   0x00000014   Data   RW            2    .data               system_stm32f10x.o
    0x20000014   0x00000014   Data   RW          174    .data               stm32f10x_rcc.o
    0x20000028   0x00000001   Data   RW          213    .data               hal_key.o
    0x20000029   0x00000003   Data   RW          278    .data               hal_rgb.o
    0x2000002c   0x00000002   Data   RW          294    .data               mcu_api.o
    0x2000002e   0x00000002   PAD
    0x20000030   0x0000000d   Data   RW          326    .data               system.o
    0x2000003d   0x00000003   PAD
    0x20000040   0x00000010   Data   RW          392    .data               user_timer.o
    0x20000050   0x00000004   Data   RW          488    .data               c_w.l(stdio_streams.o)
    0x20000054   0x00000004   Data   RW          489    .data               c_w.l(stdio_streams.o)
    0x20000058   0x00000004   Data   RW          490    .data               c_w.l(stdio_streams.o)
    0x2000005c   0x00000020   Zero   RW          212    .bss                hal_key.o
    0x2000007c   0x0000006d   Zero   RW          325    .bss                system.o
    0x200000e9   0x00000003   PAD
    0x200000ec   0x00000024   Zero   RW          345    .bss                main.o
    0x20000110   0x00000054   Zero   RW          485    .bss                c_w.l(stdio_streams.o)
    0x20000164   0x00000054   Zero   RW          486    .bss                c_w.l(stdio_streams.o)
    0x200001b8   0x00000054   Zero   RW          487    .bss                c_w.l(stdio_streams.o)
    0x2000020c   0x00000060   Zero   RW          678    .bss                c_w.l(libspace.o)
    0x2000026c   0x00000004   PAD
    0x20000270   0x00000200   Zero   RW          104    HEAP                startup_stm32f10x_md.o
    0x20000470   0x00000400   Zero   RW          103    STACK               startup_stm32f10x_md.o


==============================================================================

Image component sizes


      Code (inc. data)   RO Data    RW Data    ZI Data      Debug   Object Name

       860         34          0          1         32       5239   hal_key.o
       644         26          0          3          0       1985   hal_rgb.o
       352         20          0          0         36      17041   main.o
      1616         96          0          2          0       7262   mcu_api.o
       220         22          0          0          0       1969   misc.o
       538         10         16          0          0       4865   protocol.o
        64         26        236          0       1536        964   startup_stm32f10x_md.o
      1468         34          0          0          0       8378   stm32f10x_flash.o
       860         38          0          0          0       5901   stm32f10x_gpio.o
        26          0          0          0          0       1238   stm32f10x_it.o
       932         36          0         20          0       9128   stm32f10x_rcc.o
      3610         88          0          0          0      23008   stm32f10x_tim.o
      1032         22          0          0          0       8628   stm32f10x_usart.o
       904        118          0         13        109       5926   system.o
       480         38          0         20          0     260731   system_stm32f10x.o
       348          0          0          0          0       2413   user_flash.o
       364         16          0         16          0       2008   user_timer.o
       492         18          0          0          0       1791   user_uart.o

    ----------------------------------------------------------------------
     14816        642        284         80       1716     368475   Object Totals
         0          0         32          0          0          0   (incl. Generated)
         6          0          0          5          3          0   (incl. Padding)

    ----------------------------------------------------------------------

      Code (inc. data)   RO Data    RW Data    ZI Data      Debug   Library Member Name

         8          0          0          0          0         68   __main.o
       104          0          0          0          0         84   __printf.o
         0          0          0          0          0          0   __rtentry.o
        12          0          0          0          0          0   __rtentry2.o
         6          0          0          0          0          0   __rtentry4.o
        52          8          0          0          0          0   __scatter.o
        26          0          0          0          0          0   __scatter_copy.o
        28          0          0          0          0          0   __scatter_zi.o
        48          6          0          0          0         96   _printf_char_common.o
        36          4          0          0          0         80   _printf_char_file.o
        88          4         40          0          0         88   _printf_hex_int.o
       178          0          0          0          0         88   _printf_intcommon.o
         0          0          0          0          0          0   _printf_percent.o
         4          0          0          0          0          0   _printf_percent_end.o
         6          0          0          0          0          0   _printf_x.o
        10          0          0          0          0         68   defsig_exit.o
        50          0          0          0          0         88   defsig_general.o
        80         58          0          0          0         76   defsig_rtmem_inner.o
        14          0          0          0          0         80   defsig_rtmem_outer.o
        52         38          0          0          0         76   defsig_rtred_inner.o
        14          0          0          0          0         80   defsig_rtred_outer.o
        18          0          0          0          0         80   exit.o
        76          0          0          0          0         88   fclose.o
         8          0          0          0          0         68   ferror.o
       470          0          0          0          0         88   flsbuf.o
       236          4          0          0          0        128   fopen.o
        26          0          0          0          0         68   fputc.o
       248          6          0          0          0         84   fseek.o
        66          0          0          0          0         76   ftell.o
        94          0          0          0          0         80   h1_alloc.o
        52          0          0          0          0         68   h1_extend.o
        78          0          0          0          0         80   h1_free.o
        14          0          0          0          0         84   h1_init.o
         6          0          0          0          0        152   heapauxi.o
         4          0          0          0          0        136   hguard.o
         0          0          0          0          0          0   indicate_semi.o
       138          0          0          0          0        168   init_alloc.o
       312         46          0          0          0        112   initio.o
         2          0          0          0          0          0   libinit.o
        14          0          0          0          0          0   libinit2.o
         2          0          0          0          0          0   libshutdown.o
         6          0          0          0          0          0   libshutdown2.o
         8          4          0          0         96         68   libspace.o
         0          0          0          0          0          0   maybetermalloc1.o
        24          4          0          0          0         84   noretval__2printf.o
         8          4          0          0          0         68   rt_errno_addr_intlibspace.o
         8          4          0          0          0         68   rt_heap_descriptor_intlibspace.o
        78          0          0          0          0         80   rt_memclr_w.o
         2          0          0          0          0          0   rtexit.o
        10          0          0          0          0          0   rtexit2.o
        70          0          0          0          0         80   setvbuf.o
       240          6          0          0          0        156   stdio.o
         0          0          0         12        252          0   stdio_streams.o
        62          0          0          0          0         76   strlen.o
        12          4          0          0          0         68   sys_exit.o
       102          0         12          0          0        240   sys_io.o
        74          0          0          0          0         80   sys_stackheap_outer.o
        14          0          0          0          0         76   sys_wrch.o
         2          0          0          0          0         68   use_no_semi.o

    ----------------------------------------------------------------------
      3414        200         54         12        352       3744   Library Totals
        14          0          2          0          4          0   (incl. Padding)

    ----------------------------------------------------------------------

      Code (inc. data)   RO Data    RW Data    ZI Data      Debug   Library Name

      3400        200         52         12        348       3744   c_w.l

    ----------------------------------------------------------------------
      3414        200         54         12        352       3744   Library Totals

    ----------------------------------------------------------------------

==============================================================================


      Code (inc. data)   RO Data    RW Data    ZI Data      Debug   

     18230        842        338         92       2068     368471   Grand Totals
     18230        842        338         92       2068     368471   ELF Image Totals
     18230        842        338         92          0          0   ROM Totals

==============================================================================

    Total RO  Size (Code + RO Data)                18568 (  18.13kB)
    Total RW  Size (RW Data + ZI Data)              2160 (   2.11kB)
    Total ROM Size (Code + RO Data + RW Data)      18660 (  18.22kB)

==============================================================================

