<html>
<body>
<pre>
<h1>礦ision Build Log</h1>
<h2>Tool Versions:</h2>
IDE-Version: μVision V5.23.0.0
Copyright (C) 2017 ARM Ltd and ARM Germany GmbH. All rights reserved.
License Information: szh szh, szh, LIC=IK1X7-EHVXJ-9GZ70-BYR7J-YNS0X-8LAU6
 
Tool Versions:
Toolchain:       MDK-ARM Plus  Version: 5.23
Toolchain Path:  C:\Keil_v5\ARM\ARMCC\Bin
C Compiler:      Armcc.exe V5.06 update 4 (build 422)
Assembler:       Armasm.exe V5.06 update 4 (build 422)
Linker/Locator:  ArmLink.exe V5.06 update 4 (build 422)
Library Manager: ArmAr.exe V5.06 update 4 (build 422)
Hex Converter:   FromElf.exe V5.06 update 4 (build 422)
CPU DLL:         SARMCM3.DLL V5.23
Dialog DLL:      DARMSTM.DLL V1.68.0.0
Target DLL:      STLink\ST-LINKIII-KEIL_SWO.dll V2.0.18.0
Dialog DLL:      TARMSTM.DLL V1.66.0.0
 
<h2>Project:</h2>
C:\涂鸦\涂鸦程序\TYDE_3.0_RGB_stm32\wifi_mcusdk_dev_stm32_v3.0.3\Project\MDK-ARM\wifi_mcusdk_dev_stm32_v3.0.uvprojx
Project File Date:  07/25/2019

<h2>Output:</h2>
*** Using Compiler 'V5.06 update 4 (build 422)', folder: 'C:\Keil_v5\ARM\ARMCC\Bin'
Rebuild target 'wifi_mcusdk_dev_stm32_v3.0'
assembling startup_stm32f10x_md.s...
compiling stm32f10x_exti.c...
compiling misc.c...
compiling stm32f10x_gpio.c...
compiling core_cm3.c...
compiling system_stm32f10x.c...
compiling stm32f10x_rcc.c...
compiling stm32f10x_flash.c...
compiling stm32f10x_tim.c...
compiling system.c...
..\..\User\mcu_sdk\system.c(146): warning:  #177-D: variable "str"  was declared but never referenced
      unsigned char str[10] = {0};
..\..\User\mcu_sdk\system.c: 1 warning, 0 errors
compiling protocol.c...
compiling mcu_api.c...
compiling Hal_RGB.c...
..\..\User\hard\Hal_RGB.c(208): warning:  #223-D: function "hex_to_bcd" declared implicitly
        colour_r = hex_to_bcd(FlashBuffer.colour[0],FlashBuffer.colour[1]);
..\..\User\hard\Hal_RGB.c(222): warning:  #1-D: last line of file ends without a newline
  }
..\..\User\hard\Hal_RGB.c: 2 warnings, 0 errors
compiling stm32f10x_usart.c...
compiling main.c...
..\..\User\main.c(79): warning:  #188-D: enumerated type mixed with another type
    RCC_AHBPeriphClockCmd(
CC_AHBPeriph_DMA1, 
NABLE);  
..\..\User\main.c(82): warning:  #188-D: enumerated type mixed with another type
    RCC_APB2PeriphClockCmd(
CC_APB2Periph_AFIO, 
NABLE);
..\..\User\main.c(85): warning:  #188-D: enumerated type mixed with another type
    GPIO_PinRemapConfig(
PIO_Remap_SWJ_JTAGDisable, 
NABLE);
..\..\User\main.c(120): warning:  #177-D: variable "count"  was declared but never referenced
      static uint8_t count = 0;
..\..\User\main.c(168): warning:  #951-D: return type of function "main" must be "int"
  void main(void)
..\..\User\main.c(170): warning:  #177-D: variable "wifi_state"  was declared but never referenced
    uint8_t wifi_state;
..\..\User\main.c(171): warning:  #177-D: variable "cnt"  was declared but never referenced
    static uint8_t cnt = 0;
..\..\User\main.c: 7 warnings, 0 errors
compiling Hal_Key.c...
..\..\User\hard\Hal_Key.c(150): warning:  #188-D: enumerated type mixed with another type
    RCC_APB2PeriphClockCmd(
PIO_KEY1_CLK | 
PIO_KEY2_CLK, 
NABLE);
..\..\User\hard\Hal_Key.c: 1 warning, 0 errors
compiling stm32f10x_it.c...
compiling User_Flash.c...
compiling User_Uart.c...
..\..\User\User_Uart.c(47): warning:  #188-D: enumerated type mixed with another type
    RCC_APB2PeriphClockCmd(
CC_APB2Periph_GPIOA, 
NABLE);
..\..\User\User_Uart.c(49): warning:  #188-D: enumerated type mixed with another type
    RCC_APB2PeriphClockCmd(
CC_APB2Periph_USART1, 
NABLE);
..\..\User\User_Uart.c(72): warning:  #188-D: enumerated type mixed with another type
    USART_ITConfig(
SART1, 
SART_IT_RXNE, 
NABLE);
..\..\User\User_Uart.c(73): warning:  #188-D: enumerated type mixed with another type
    USART_ITConfig(
SART1, 
SART_IT_TXE, 
ISABLE);
..\..\User\User_Uart.c(81): warning:  #188-D: enumerated type mixed with another type
    NVIC_InitStructure.NVIC_IRQChannelCmd = 
NABLE;                               //允许中断
..\..\User\User_Uart.c(84): warning:  #188-D: enumerated type mixed with another type
    USART_Cmd(
SART1, 
NABLE);
..\..\User\User_Uart.c(107): warning:  #188-D: enumerated type mixed with another type
    RCC_APB2PeriphClockCmd(
CC_APB2Periph_GPIOB, 
NABLE);
..\..\User\User_Uart.c(109): warning:  #188-D: enumerated type mixed with another type
    RCC_APB1PeriphClockCmd(
CC_APB1Periph_USART3, 
NABLE);
..\..\User\User_Uart.c(132): warning:  #188-D: enumerated type mixed with another type
    USART_ITConfig(
SART3, 
SART_IT_RXNE, 
NABLE);
..\..\User\User_Uart.c(133): warning:  #188-D: enumerated type mixed with another type
    USART_ITConfig(
SART3, 
SART_IT_TXE, 
ISABLE);
..\..\User\User_Uart.c(141): warning:  #188-D: enumerated type mixed with another type
    NVIC_InitStructure.NVIC_IRQChannelCmd = 
NABLE;                               //允许中断
..\..\User\User_Uart.c(144): warning:  #188-D: enumerated type mixed with another type
    USART_Cmd(
SART3, 
NABLE);
..\..\User\User_Uart.c(160): warning:  #550-D: variable "ch"  was set but never used
    uint8_t ch;
..\..\User\User_Uart.c: 13 warnings, 0 errors
compiling User_Timer.c...
..\..\User\User_Timer.c(73): warning:  #188-D: enumerated type mixed with another type
    RCC_APB1PeriphClockCmd(
CC_APB1Periph_TIM2, 
NABLE);                          //时钟使能
..\..\User\User_Timer.c(86): warning:  #188-D: enumerated type mixed with another type
    TIM_ITConfig(
IM2,
IM_IT_Update,
NABLE);                                      //使能指定的TIM2中断,允许更新中断
..\..\User\User_Timer.c(92): warning:  #188-D: enumerated type mixed with another type
    NVIC_InitStructure.NVIC_IRQChannelCmd = 
NABLE;                               //IRQ通道被使能
..\..\User\User_Timer.c(97): warning:  #188-D: enumerated type mixed with another type
    TIM_Cmd(
IM2, 
ISABLE);                                                        //使能TIMx
..\..\User\User_Timer.c(108): warning:  #177-D: variable "cnt"  was declared but never referenced
    static uint8_t cnt = 0;
..\..\User\User_Timer.c(109): warning:  #177-D: variable "color"  was declared but never referenced
    static uint8_t color = 0;
..\..\User\User_Timer.c(150): warning:  #188-D: enumerated type mixed with another type
    RCC_APB1PeriphClockCmd(
CC_APB1Periph_TIM3, 
NABLE);                          //时钟使能
..\..\User\User_Timer.c(161): warning:  #188-D: enumerated type mixed with another type
    TIM_ITConfig(
IM3,
IM_IT_Update,
NABLE);                                      //使能指定的TIM2中断,允许更新中断
..\..\User\User_Timer.c(167): warning:  #188-D: enumerated type mixed with another type
    NVIC_InitStructure.NVIC_IRQChannelCmd = 
NABLE;                               //IRQ通道被使能
..\..\User\User_Timer.c(173): warning:  #188-D: enumerated type mixed with another type
    TIM_Cmd(
IM3, 
NABLE);                                                        //使能TIMx
..\..\User\User_Timer.c(29): warning:  #177-D: variable "System_Sec_Flag"  was declared but never referenced
  static uint8_t System_Sec_Flag = 0;
..\..\User\User_Timer.c: 11 warnings, 0 errors
linking...
Program Size: Code=18230 RO-data=338 RW-data=92 ZI-data=2068  
FromELF: creating hex file...
After Build - User command #1: fromelf.exe --bin -o "C:\涂鸦\涂鸦程序\TYDE_3.0_RGB_stm32\wifi_mcusdk_dev_stm32_v3.0.3\Project\MDK-ARM\obj\wifi_mcusdk_dev_stm32_v3.bin" "C:\涂鸦\涂鸦程序\TYDE_3.0_RGB_stm32\wifi_mcusdk_dev_stm32_v3.0.3\Project\MDK-ARM\obj\wifi_mcusdk_dev_stm32_v3.0"
".\obj\wifi_mcusdk_dev_stm32_v3.0" - 0 Error(s), 35 Warning(s).

<h2>Software Packages used:</h2>

Package Vendor: ARM
                http://www.keil.com/pack/ARM.CMSIS.5.0.1.pack
                ARM::CMSIS:CORE:5.0.1
                CMSIS (Cortex Microcontroller Software Interface Standard)
   * Component: CORE Version: 5.0.1

<h2>Collection of Component include folders:</h2>
  .\RTE\_wifi_mcusdk_dev_stm32_v3.0
  C:\Keil_v5\ARM\PACK\ARM\CMSIS\5.0.1\CMSIS\Include
  C:\Keil_v5\ARM\PACK\Keil\STM32F1xx_DFP\2.2.0\Device\Include

<h2>Collection of Component Files used:</h2>

   * Component: ARM::CMSIS:CORE:5.0.1
Build Time Elapsed:  00:00:04
</pre>
</body>
</html>
